Archive member included to satisfy reference by file (symbol)

../uart_bsp/\libhal_bsp.a(alt_load.o)
                              ../uart_bsp//obj/HAL/src/crt0.o (alt_load)
../uart_bsp/\libhal_bsp.a(alt_main.o)
                              ../uart_bsp//obj/HAL/src/crt0.o (alt_main)
../uart_bsp/\libhal_bsp.a(alt_sys_init.o)
                              ../uart_bsp/\libhal_bsp.a(alt_main.o) (alt_irq_init)
../uart_bsp/\libhal_bsp.a(altera_avalon_jtag_uart_fd.o)
                              ../uart_bsp/\libhal_bsp.a(alt_sys_init.o) (altera_avalon_jtag_uart_read_fd)
../uart_bsp/\libhal_bsp.a(altera_avalon_jtag_uart_init.o)
                              ../uart_bsp/\libhal_bsp.a(alt_sys_init.o) (altera_avalon_jtag_uart_init)
../uart_bsp/\libhal_bsp.a(altera_avalon_jtag_uart_ioctl.o)
                              ../uart_bsp/\libhal_bsp.a(altera_avalon_jtag_uart_fd.o) (altera_avalon_jtag_uart_ioctl)
../uart_bsp/\libhal_bsp.a(altera_avalon_jtag_uart_read.o)
                              ../uart_bsp/\libhal_bsp.a(altera_avalon_jtag_uart_fd.o) (altera_avalon_jtag_uart_read)
../uart_bsp/\libhal_bsp.a(altera_avalon_jtag_uart_write.o)
                              ../uart_bsp/\libhal_bsp.a(altera_avalon_jtag_uart_fd.o) (altera_avalon_jtag_uart_write)
../uart_bsp/\libhal_bsp.a(altera_avalon_timer_sc.o)
                              ../uart_bsp/\libhal_bsp.a(alt_sys_init.o) (alt_avalon_timer_sc_init)
../uart_bsp/\libhal_bsp.a(alt_alarm_start.o)
                              ../uart_bsp/\libhal_bsp.a(altera_avalon_jtag_uart_init.o) (alt_alarm_start)
../uart_bsp/\libhal_bsp.a(alt_close.o)
                              ../uart_bsp/\libhal_bsp.a(alt_main.o) (close)
../uart_bsp/\libhal_bsp.a(alt_dcache_flush_all.o)
                              ../uart_bsp/\libhal_bsp.a(alt_load.o) (alt_dcache_flush_all)
../uart_bsp/\libhal_bsp.a(alt_dev.o)
                              ../uart_bsp/\libhal_bsp.a(alt_sys_init.o) (alt_dev_list)
../uart_bsp/\libhal_bsp.a(alt_dev_llist_insert.o)
                              ../uart_bsp/\libhal_bsp.a(alt_sys_init.o) (alt_dev_llist_insert)
../uart_bsp/\libhal_bsp.a(alt_do_ctors.o)
                              ../uart_bsp/\libhal_bsp.a(alt_main.o) (_do_ctors)
../uart_bsp/\libhal_bsp.a(alt_do_dtors.o)
                              ../uart_bsp/\libhal_bsp.a(alt_main.o) (_do_dtors)
../uart_bsp/\libhal_bsp.a(alt_errno.o)
                              ../uart_bsp/\libhal_bsp.a(alt_close.o) (alt_errno)
../uart_bsp/\libhal_bsp.a(alt_icache_flush_all.o)
                              ../uart_bsp/\libhal_bsp.a(alt_load.o) (alt_icache_flush_all)
../uart_bsp/\libhal_bsp.a(alt_iic.o)
                              ../uart_bsp/\libhal_bsp.a(altera_avalon_jtag_uart_init.o) (alt_ic_isr_register)
../uart_bsp/\libhal_bsp.a(alt_iic_isr_register.o)
                              ../uart_bsp/\libhal_bsp.a(alt_iic.o) (alt_iic_isr_register)
../uart_bsp/\libhal_bsp.a(alt_io_redirect.o)
                              ../uart_bsp/\libhal_bsp.a(alt_main.o) (alt_io_redirect)
../uart_bsp/\libhal_bsp.a(alt_irq_entry.o)
                              ../uart_bsp/\libhal_bsp.a(alt_iic_isr_register.o) (alt_irq_entry)
../uart_bsp/\libhal_bsp.a(alt_irq_handler.o)
                              ../uart_bsp/\libhal_bsp.a(alt_iic_isr_register.o) (alt_irq)
../uart_bsp/\libhal_bsp.a(alt_irq_vars.o)
                              ../uart_bsp/\libhal_bsp.a(alt_iic.o) (alt_irq_active)
../uart_bsp/\libhal_bsp.a(alt_open.o)
                              ../uart_bsp/\libhal_bsp.a(alt_io_redirect.o) (open)
../uart_bsp/\libhal_bsp.a(alt_release_fd.o)
                              ../uart_bsp/\libhal_bsp.a(alt_close.o) (alt_release_fd)
../uart_bsp/\libhal_bsp.a(alt_tick.o)
                              ../uart_bsp/\libhal_bsp.a(altera_avalon_jtag_uart_init.o) (_alt_tick_rate)
../uart_bsp/\libhal_bsp.a(altera_nios2_gen2_irq.o)
                              ../uart_bsp/\libhal_bsp.a(alt_sys_init.o) (altera_nios2_gen2_irq_init)
../uart_bsp/\libhal_bsp.a(alt_exception_entry.o)
                              ../uart_bsp/\libhal_bsp.a(alt_irq_entry.o) (alt_exception)
../uart_bsp/\libhal_bsp.a(alt_find_dev.o)
                              ../uart_bsp/\libhal_bsp.a(alt_open.o) (alt_find_dev)
../uart_bsp/\libhal_bsp.a(alt_find_file.o)
                              ../uart_bsp/\libhal_bsp.a(alt_open.o) (alt_find_file)
../uart_bsp/\libhal_bsp.a(alt_get_fd.o)
                              ../uart_bsp/\libhal_bsp.a(alt_open.o) (alt_get_fd)
../uart_bsp/\libhal_bsp.a(alt_instruction_exception_entry.o)
                              ../uart_bsp/\libhal_bsp.a(alt_exception_entry.o) (alt_instruction_exception_entry)
c:/intelfpga_lite/18.1/nios2eds/bin/gnu/h-x86_64-mingw32/bin/../lib/gcc/nios2-elf/5.3.0/../../../../../H-x86_64-mingw32/nios2-elf/lib/mno-hw-mul\libc.a(lib_a-atexit.o)
                              ../uart_bsp/\libhal_bsp.a(alt_main.o) (atexit)
c:/intelfpga_lite/18.1/nios2eds/bin/gnu/h-x86_64-mingw32/bin/../lib/gcc/nios2-elf/5.3.0/../../../../../H-x86_64-mingw32/nios2-elf/lib/mno-hw-mul\libc.a(lib_a-exit.o)
                              ../uart_bsp/\libhal_bsp.a(alt_main.o) (exit)
c:/intelfpga_lite/18.1/nios2eds/bin/gnu/h-x86_64-mingw32/bin/../lib/gcc/nios2-elf/5.3.0/../../../../../H-x86_64-mingw32/nios2-elf/lib/mno-hw-mul\libc.a(lib_a-impure.o)
                              c:/intelfpga_lite/18.1/nios2eds/bin/gnu/h-x86_64-mingw32/bin/../lib/gcc/nios2-elf/5.3.0/../../../../../H-x86_64-mingw32/nios2-elf/lib/mno-hw-mul\libc.a(lib_a-exit.o) (_global_impure_ptr)
c:/intelfpga_lite/18.1/nios2eds/bin/gnu/h-x86_64-mingw32/bin/../lib/gcc/nios2-elf/5.3.0/../../../../../H-x86_64-mingw32/nios2-elf/lib/mno-hw-mul\libc.a(lib_a-int_errno.o)
                              ../uart_bsp/\libhal_bsp.a(alt_close.o) (errno)
c:/intelfpga_lite/18.1/nios2eds/bin/gnu/h-x86_64-mingw32/bin/../lib/gcc/nios2-elf/5.3.0/../../../../../H-x86_64-mingw32/nios2-elf/lib/mno-hw-mul\libc.a(lib_a-memcmp.o)
                              ../uart_bsp/\libhal_bsp.a(alt_find_dev.o) (memcmp)
c:/intelfpga_lite/18.1/nios2eds/bin/gnu/h-x86_64-mingw32/bin/../lib/gcc/nios2-elf/5.3.0/../../../../../H-x86_64-mingw32/nios2-elf/lib/mno-hw-mul\libc.a(lib_a-memcpy.o)
                              ../uart_bsp/\libhal_bsp.a(altera_avalon_jtag_uart_read.o) (memcpy)
c:/intelfpga_lite/18.1/nios2eds/bin/gnu/h-x86_64-mingw32/bin/../lib/gcc/nios2-elf/5.3.0/../../../../../H-x86_64-mingw32/nios2-elf/lib/mno-hw-mul\libc.a(lib_a-strlen.o)
                              ../uart_bsp/\libhal_bsp.a(alt_find_dev.o) (strlen)
c:/intelfpga_lite/18.1/nios2eds/bin/gnu/h-x86_64-mingw32/bin/../lib/gcc/nios2-elf/5.3.0/../../../../../H-x86_64-mingw32/nios2-elf/lib/mno-hw-mul\libc.a(lib_a-__atexit.o)
                              c:/intelfpga_lite/18.1/nios2eds/bin/gnu/h-x86_64-mingw32/bin/../lib/gcc/nios2-elf/5.3.0/../../../../../H-x86_64-mingw32/nios2-elf/lib/mno-hw-mul\libc.a(lib_a-atexit.o) (__register_exitproc)
c:/intelfpga_lite/18.1/nios2eds/bin/gnu/h-x86_64-mingw32/bin/../lib/gcc/nios2-elf/5.3.0/../../../../../H-x86_64-mingw32/nios2-elf/lib/mno-hw-mul\libc.a(lib_a-__call_atexit.o)
                              c:/intelfpga_lite/18.1/nios2eds/bin/gnu/h-x86_64-mingw32/bin/../lib/gcc/nios2-elf/5.3.0/../../../../../H-x86_64-mingw32/nios2-elf/lib/mno-hw-mul\libc.a(lib_a-exit.o) (__call_exitprocs)
c:/intelfpga_lite/18.1/nios2eds/bin/gnu/h-x86_64-mingw32/bin/../lib/gcc/nios2-elf/5.3.0/mno-hw-mul\libgcc.a(lib2-mul.o)
                              ../uart_bsp/\libhal_bsp.a(alt_sys_init.o) (__mulsi3)
../uart_bsp/\libhal_bsp.a(alt_exit.o)
                              c:/intelfpga_lite/18.1/nios2eds/bin/gnu/h-x86_64-mingw32/bin/../lib/gcc/nios2-elf/5.3.0/../../../../../H-x86_64-mingw32/nios2-elf/lib/mno-hw-mul\libc.a(lib_a-exit.o) (_exit)

Allocating common symbols
Common symbol       size              file

alt_irq             0x100             ../uart_bsp/\libhal_bsp.a(alt_irq_handler.o)
errno               0x4               c:/intelfpga_lite/18.1/nios2eds/bin/gnu/h-x86_64-mingw32/bin/../lib/gcc/nios2-elf/5.3.0/../../../../../H-x86_64-mingw32/nios2-elf/lib/mno-hw-mul\libc.a(lib_a-int_errno.o)

Memory Configuration

Name             Origin             Length             Attributes
reset            0x0000000000000000 0x0000000000000020
SDRAM            0x0000000000000020 0x0000000003ffffe0
Onchip_SRAM      0x0000000008000000 0x0000000000010000
VGA_Subsystem_Char_Buf_Subsystem_Onchip_SRAM 0x0000000009000000 0x0000000000002000
*default*        0x0000000000000000 0xffffffffffffffff

Linker script and memory map

LOAD ../uart_bsp//obj/HAL/src/crt0.o
LOAD obj/default/uart.o
LOAD c:/intelfpga_lite/18.1/nios2eds/bin/gnu/h-x86_64-mingw32/bin/../lib/gcc/nios2-elf/5.3.0/../../../../../H-x86_64-mingw32/nios2-elf/lib/mno-hw-mul\libstdc++.a
LOAD c:/intelfpga_lite/18.1/nios2eds/bin/gnu/h-x86_64-mingw32/bin/../lib/gcc/nios2-elf/5.3.0/../../../../../H-x86_64-mingw32/nios2-elf/lib/mno-hw-mul\libm.a
LOAD c:/intelfpga_lite/18.1/nios2eds/bin/gnu/h-x86_64-mingw32/bin/../lib/gcc/nios2-elf/5.3.0/mno-hw-mul\libgcc.a
START GROUP
LOAD c:/intelfpga_lite/18.1/nios2eds/bin/gnu/h-x86_64-mingw32/bin/../lib/gcc/nios2-elf/5.3.0/../../../../../H-x86_64-mingw32/nios2-elf/lib/mno-hw-mul\libc.a
LOAD c:/intelfpga_lite/18.1/nios2eds/bin/gnu/h-x86_64-mingw32/bin/../lib/gcc/nios2-elf/5.3.0/mno-hw-mul\libgcc.a
LOAD ../uart_bsp/\libhal_bsp.a
LOAD c:/intelfpga_lite/18.1/nios2eds/bin/gnu/h-x86_64-mingw32/bin/../lib/gcc/nios2-elf/5.3.0/../../../../../H-x86_64-mingw32/nios2-elf/lib/mno-hw-mul\libm.a
END GROUP
LOAD c:/intelfpga_lite/18.1/nios2eds/bin/gnu/h-x86_64-mingw32/bin/../lib/gcc/nios2-elf/5.3.0/mno-hw-mul\libgcc.a
                0x0000000000000000                __alt_mem_SDRAM = 0x0
                0x0000000008000000                __alt_mem_Onchip_SRAM = 0x8000000
                0x0000000009000000                __alt_mem_VGA_Subsystem_Char_Buf_Subsystem_Onchip_SRAM = 0x9000000

.entry          0x0000000000000000       0x20
 *(.entry)
 .entry         0x0000000000000000       0x20 ../uart_bsp//obj/HAL/src/crt0.o
                0x0000000000000000                __reset

.exceptions     0x0000000000000020      0x210
                0x0000000000000020                PROVIDE (__ram_exceptions_start, ABSOLUTE (.))
                0x0000000000000020                . = ALIGN (0x20)
 *(.irq)
 *(.exceptions.entry.label)
 .exceptions.entry.label
                0x0000000000000020        0x0 ../uart_bsp/\libhal_bsp.a(alt_irq_entry.o)
                0x0000000000000020                alt_irq_entry
 .exceptions.entry.label
                0x0000000000000020        0x0 ../uart_bsp/\libhal_bsp.a(alt_exception_entry.o)
                0x0000000000000020                alt_exception
 *(.exceptions.entry.user)
 *(.exceptions.entry.ecc_fatal)
 *(.exceptions.entry)
 .exceptions.entry
                0x0000000000000020       0x54 ../uart_bsp/\libhal_bsp.a(alt_exception_entry.o)
 *(.exceptions.irqtest.user)
 *(.exceptions.irqtest)
 .exceptions.irqtest
                0x0000000000000074       0x10 ../uart_bsp/\libhal_bsp.a(alt_irq_entry.o)
 *(.exceptions.irqhandler.user)
 *(.exceptions.irqhandler)
 .exceptions.irqhandler
                0x0000000000000084        0x4 ../uart_bsp/\libhal_bsp.a(alt_irq_entry.o)
 *(.exceptions.irqreturn.user)
 *(.exceptions.irqreturn)
 .exceptions.irqreturn
                0x0000000000000088        0x4 ../uart_bsp/\libhal_bsp.a(alt_irq_entry.o)
 *(.exceptions.notirq.label)
 .exceptions.notirq.label
                0x000000000000008c        0x0 ../uart_bsp/\libhal_bsp.a(alt_irq_entry.o)
 *(.exceptions.notirq.user)
 *(.exceptions.notirq)
 .exceptions.notirq
                0x000000000000008c        0x8 ../uart_bsp/\libhal_bsp.a(alt_exception_entry.o)
 *(.exceptions.soft.user)
 *(.exceptions.soft)
 *(.exceptions.unknown.user)
 *(.exceptions.unknown)
 .exceptions.unknown
                0x0000000000000094       0x14 ../uart_bsp/\libhal_bsp.a(alt_exception_entry.o)
 *(.exceptions.exit.label)
 .exceptions.exit.label
                0x00000000000000a8        0x0 ../uart_bsp/\libhal_bsp.a(alt_irq_entry.o)
 .exceptions.exit.label
                0x00000000000000a8        0x0 ../uart_bsp/\libhal_bsp.a(alt_exception_entry.o)
 *(.exceptions.exit.user)
 *(.exceptions.exit)
 .exceptions.exit
                0x00000000000000a8       0x54 ../uart_bsp/\libhal_bsp.a(alt_exception_entry.o)
 *(.exceptions)
 .exceptions    0x00000000000000fc       0xd4 ../uart_bsp/\libhal_bsp.a(alt_irq_handler.o)
                0x00000000000000fc                alt_irq_handler
 .exceptions    0x00000000000001d0       0x60 ../uart_bsp/\libhal_bsp.a(alt_instruction_exception_entry.o)
                0x00000000000001d0                alt_instruction_exception_entry
                0x0000000000000230                PROVIDE (__ram_exceptions_end, ABSOLUTE (.))
                0x0000000000000020                PROVIDE (__flash_exceptions_start, LOADADDR (.exceptions))

.text           0x0000000000000230     0x2b14
                [!provide]                        PROVIDE (stext, ABSOLUTE (.))
 *(.interp)
 *(.hash)
 *(.dynsym)
 *(.dynstr)
 *(.gnu.version)
 *(.gnu.version_d)
 *(.gnu.version_r)
 *(.rel.init)
 *(.rela.init)
 *(.rel.text .rel.text.* .rel.gnu.linkonce.t.*)
 *(.rela.text .rela.text.* .rela.gnu.linkonce.t.*)
 *(.rel.fini)
 *(.rela.fini)
 *(.rel.rodata .rel.rodata.* .rel.gnu.linkonce.r.*)
 *(.rela.rodata .rela.rodata.* .rela.gnu.linkonce.r.*)
 *(.rel.data .rel.data.* .rel.gnu.linkonce.d.*)
 *(.rela.data .rela.data.* .rela.gnu.linkonce.d.*)
 *(.rel.tdata .rel.tdata.* .rel.gnu.linkonce.td.*)
 *(.rela.tdata .rela.tdata.* .rela.gnu.linkonce.td.*)
 *(.rel.tbss .rel.tbss.* .rel.gnu.linkonce.tb.*)
 *(.rela.tbss .rela.tbss.* .rela.gnu.linkonce.tb.*)
 *(.rel.ctors)
 *(.rela.ctors)
 *(.rel.dtors)
 *(.rela.dtors)
 *(.rel.got)
 *(.rela.got)
 *(.rel.sdata .rel.sdata.* .rel.gnu.linkonce.s.*)
 *(.rela.sdata .rela.sdata.* .rela.gnu.linkonce.s.*)
 *(.rel.sbss .rel.sbss.* .rel.gnu.linkonce.sb.*)
 *(.rela.sbss .rela.sbss.* .rela.gnu.linkonce.sb.*)
 *(.rel.sdata2 .rel.sdata2.* .rel.gnu.linkonce.s2.*)
 *(.rela.sdata2 .rela.sdata2.* .rela.gnu.linkonce.s2.*)
 *(.rel.sbss2 .rel.sbss2.* .rel.gnu.linkonce.sb2.*)
 *(.rela.sbss2 .rela.sbss2.* .rela.gnu.linkonce.sb2.*)
 *(.rel.bss .rel.bss.* .rel.gnu.linkonce.b.*)
 *(.rela.bss .rela.bss.* .rela.gnu.linkonce.b.*)
 *(.rel.plt)
 *(.rela.plt)
 *(.rel.dyn)
 *(.init)
 *(.plt)
 *(.text .stub .text.* .gnu.linkonce.t.*)
 .text          0x0000000000000230       0x3c ../uart_bsp//obj/HAL/src/crt0.o
                0x0000000000000230                _start
 .text          0x000000000000026c      0x194 obj/default/uart.o
                0x00000000000003ac                main
 .text          0x0000000000000400       0xec ../uart_bsp/\libhal_bsp.a(alt_load.o)
                0x0000000000000468                alt_load
 .text          0x00000000000004ec       0x7c ../uart_bsp/\libhal_bsp.a(alt_main.o)
                0x00000000000004ec                alt_main
 .text          0x0000000000000568      0x6d0 ../uart_bsp/\libhal_bsp.a(alt_sys_init.o)
                0x000000000000059c                alt_irq_init
                0x00000000000005d4                alt_sys_init
 .text          0x0000000000000c38      0x164 ../uart_bsp/\libhal_bsp.a(altera_avalon_jtag_uart_fd.o)
                0x0000000000000c38                altera_avalon_jtag_uart_read_fd
                0x0000000000000c98                altera_avalon_jtag_uart_write_fd
                0x0000000000000cf8                altera_avalon_jtag_uart_close_fd
                0x0000000000000d48                altera_avalon_jtag_uart_ioctl_fd
 .text          0x0000000000000d9c      0x3d4 ../uart_bsp/\libhal_bsp.a(altera_avalon_jtag_uart_init.o)
                0x0000000000000d9c                altera_avalon_jtag_uart_init
                0x0000000000001108                altera_avalon_jtag_uart_close
 .text          0x0000000000001170       0xf0 ../uart_bsp/\libhal_bsp.a(altera_avalon_jtag_uart_ioctl.o)
                0x0000000000001170                altera_avalon_jtag_uart_ioctl
 .text          0x0000000000001260      0x21c ../uart_bsp/\libhal_bsp.a(altera_avalon_jtag_uart_read.o)
                0x0000000000001260                altera_avalon_jtag_uart_read
 .text          0x000000000000147c      0x224 ../uart_bsp/\libhal_bsp.a(altera_avalon_jtag_uart_write.o)
                0x000000000000147c                altera_avalon_jtag_uart_write
 .text          0x00000000000016a0       0xf4 ../uart_bsp/\libhal_bsp.a(altera_avalon_timer_sc.o)
                0x0000000000001718                alt_avalon_timer_sc_init
 .text          0x0000000000001794      0x12c ../uart_bsp/\libhal_bsp.a(alt_alarm_start.o)
                0x0000000000001794                alt_alarm_start
 .text          0x00000000000018c0      0x114 ../uart_bsp/\libhal_bsp.a(alt_close.o)
                0x00000000000018fc                close
 .text          0x00000000000019d4       0x20 ../uart_bsp/\libhal_bsp.a(alt_dcache_flush_all.o)
                0x00000000000019d4                alt_dcache_flush_all
 .text          0x00000000000019f4       0x2c ../uart_bsp/\libhal_bsp.a(alt_dev.o)
 .text          0x0000000000001a20       0xe0 ../uart_bsp/\libhal_bsp.a(alt_dev_llist_insert.o)
                0x0000000000001a5c                alt_dev_llist_insert
 .text          0x0000000000001b00       0x60 ../uart_bsp/\libhal_bsp.a(alt_do_ctors.o)
                0x0000000000001b00                _do_ctors
 .text          0x0000000000001b60       0x60 ../uart_bsp/\libhal_bsp.a(alt_do_dtors.o)
                0x0000000000001b60                _do_dtors
 .text          0x0000000000001bc0        0x0 ../uart_bsp/\libhal_bsp.a(alt_errno.o)
 .text          0x0000000000001bc0       0x20 ../uart_bsp/\libhal_bsp.a(alt_icache_flush_all.o)
                0x0000000000001bc0                alt_icache_flush_all
 .text          0x0000000000001be0      0x1b0 ../uart_bsp/\libhal_bsp.a(alt_iic.o)
                0x0000000000001be0                alt_ic_isr_register
                0x0000000000001c30                alt_ic_irq_enable
                0x0000000000001cb8                alt_ic_irq_disable
                0x0000000000001d44                alt_ic_irq_enabled
 .text          0x0000000000001d90       0xf0 ../uart_bsp/\libhal_bsp.a(alt_iic_isr_register.o)
                0x0000000000001d90                alt_iic_isr_register
 .text          0x0000000000001e80      0x160 ../uart_bsp/\libhal_bsp.a(alt_io_redirect.o)
                0x0000000000001f64                alt_io_redirect
 .text          0x0000000000001fe0        0x0 ../uart_bsp/\libhal_bsp.a(alt_irq_entry.o)
 .text          0x0000000000001fe0        0x0 ../uart_bsp/\libhal_bsp.a(alt_irq_handler.o)
 .text          0x0000000000001fe0        0x0 ../uart_bsp/\libhal_bsp.a(alt_irq_vars.o)
 .text          0x0000000000001fe0      0x284 ../uart_bsp/\libhal_bsp.a(alt_open.o)
                0x0000000000002108                open
 .text          0x0000000000002264       0x84 ../uart_bsp/\libhal_bsp.a(alt_release_fd.o)
                0x0000000000002264                alt_release_fd
 .text          0x00000000000022e8      0x1a4 ../uart_bsp/\libhal_bsp.a(alt_tick.o)
                0x00000000000022e8                alt_alarm_stop
                0x0000000000002384                alt_tick
 .text          0x000000000000248c       0x24 ../uart_bsp/\libhal_bsp.a(altera_nios2_gen2_irq.o)
                0x000000000000248c                altera_nios2_gen2_irq_init
 .text          0x00000000000024b0        0x0 ../uart_bsp/\libhal_bsp.a(alt_exception_entry.o)
 .text          0x00000000000024b0       0x90 ../uart_bsp/\libhal_bsp.a(alt_find_dev.o)
                0x00000000000024b0                alt_find_dev
 .text          0x0000000000002540      0x108 ../uart_bsp/\libhal_bsp.a(alt_find_file.o)
                0x0000000000002540                alt_find_file
 .text          0x0000000000002648       0xc4 ../uart_bsp/\libhal_bsp.a(alt_get_fd.o)
                0x0000000000002648                alt_get_fd
 .text          0x000000000000270c       0x9c ../uart_bsp/\libhal_bsp.a(alt_instruction_exception_entry.o)
                0x000000000000270c                alt_exception_cause_generated_bad_addr
 .text          0x00000000000027a8        0x0 c:/intelfpga_lite/18.1/nios2eds/bin/gnu/h-x86_64-mingw32/bin/../lib/gcc/nios2-elf/5.3.0/../../../../../H-x86_64-mingw32/nios2-elf/lib/mno-hw-mul\libc.a(lib_a-atexit.o)
 .text.atexit   0x00000000000027a8       0x14 c:/intelfpga_lite/18.1/nios2eds/bin/gnu/h-x86_64-mingw32/bin/../lib/gcc/nios2-elf/5.3.0/../../../../../H-x86_64-mingw32/nios2-elf/lib/mno-hw-mul\libc.a(lib_a-atexit.o)
                0x00000000000027a8                atexit
 .text          0x00000000000027bc        0x0 c:/intelfpga_lite/18.1/nios2eds/bin/gnu/h-x86_64-mingw32/bin/../lib/gcc/nios2-elf/5.3.0/../../../../../H-x86_64-mingw32/nios2-elf/lib/mno-hw-mul\libc.a(lib_a-exit.o)
 .text.exit     0x00000000000027bc       0x38 c:/intelfpga_lite/18.1/nios2eds/bin/gnu/h-x86_64-mingw32/bin/../lib/gcc/nios2-elf/5.3.0/../../../../../H-x86_64-mingw32/nios2-elf/lib/mno-hw-mul\libc.a(lib_a-exit.o)
                0x00000000000027bc                exit
 .text          0x00000000000027f4        0x0 c:/intelfpga_lite/18.1/nios2eds/bin/gnu/h-x86_64-mingw32/bin/../lib/gcc/nios2-elf/5.3.0/../../../../../H-x86_64-mingw32/nios2-elf/lib/mno-hw-mul\libc.a(lib_a-impure.o)
 .text          0x00000000000027f4        0x0 c:/intelfpga_lite/18.1/nios2eds/bin/gnu/h-x86_64-mingw32/bin/../lib/gcc/nios2-elf/5.3.0/../../../../../H-x86_64-mingw32/nios2-elf/lib/mno-hw-mul\libc.a(lib_a-int_errno.o)
 .text          0x00000000000027f4        0x0 c:/intelfpga_lite/18.1/nios2eds/bin/gnu/h-x86_64-mingw32/bin/../lib/gcc/nios2-elf/5.3.0/../../../../../H-x86_64-mingw32/nios2-elf/lib/mno-hw-mul\libc.a(lib_a-memcmp.o)
 .text.memcmp   0x00000000000027f4       0x7c c:/intelfpga_lite/18.1/nios2eds/bin/gnu/h-x86_64-mingw32/bin/../lib/gcc/nios2-elf/5.3.0/../../../../../H-x86_64-mingw32/nios2-elf/lib/mno-hw-mul\libc.a(lib_a-memcmp.o)
                0x00000000000027f4                memcmp
 .text          0x0000000000002870        0x0 c:/intelfpga_lite/18.1/nios2eds/bin/gnu/h-x86_64-mingw32/bin/../lib/gcc/nios2-elf/5.3.0/../../../../../H-x86_64-mingw32/nios2-elf/lib/mno-hw-mul\libc.a(lib_a-memcpy.o)
 .text.memcpy   0x0000000000002870      0x148 c:/intelfpga_lite/18.1/nios2eds/bin/gnu/h-x86_64-mingw32/bin/../lib/gcc/nios2-elf/5.3.0/../../../../../H-x86_64-mingw32/nios2-elf/lib/mno-hw-mul\libc.a(lib_a-memcpy.o)
                0x0000000000002870                memcpy
 .text          0x00000000000029b8        0x0 c:/intelfpga_lite/18.1/nios2eds/bin/gnu/h-x86_64-mingw32/bin/../lib/gcc/nios2-elf/5.3.0/../../../../../H-x86_64-mingw32/nios2-elf/lib/mno-hw-mul\libc.a(lib_a-strlen.o)
 .text.strlen   0x00000000000029b8       0x98 c:/intelfpga_lite/18.1/nios2eds/bin/gnu/h-x86_64-mingw32/bin/../lib/gcc/nios2-elf/5.3.0/../../../../../H-x86_64-mingw32/nios2-elf/lib/mno-hw-mul\libc.a(lib_a-strlen.o)
                0x00000000000029b8                strlen
 .text          0x0000000000002a50        0x0 c:/intelfpga_lite/18.1/nios2eds/bin/gnu/h-x86_64-mingw32/bin/../lib/gcc/nios2-elf/5.3.0/../../../../../H-x86_64-mingw32/nios2-elf/lib/mno-hw-mul\libc.a(lib_a-__atexit.o)
 .text.__register_exitproc
                0x0000000000002a50      0x118 c:/intelfpga_lite/18.1/nios2eds/bin/gnu/h-x86_64-mingw32/bin/../lib/gcc/nios2-elf/5.3.0/../../../../../H-x86_64-mingw32/nios2-elf/lib/mno-hw-mul\libc.a(lib_a-__atexit.o)
                0x0000000000002a50                __register_exitproc
 .text          0x0000000000002b68        0x0 c:/intelfpga_lite/18.1/nios2eds/bin/gnu/h-x86_64-mingw32/bin/../lib/gcc/nios2-elf/5.3.0/../../../../../H-x86_64-mingw32/nios2-elf/lib/mno-hw-mul\libc.a(lib_a-__call_atexit.o)
 .text.__call_exitprocs
                0x0000000000002b68      0x180 c:/intelfpga_lite/18.1/nios2eds/bin/gnu/h-x86_64-mingw32/bin/../lib/gcc/nios2-elf/5.3.0/../../../../../H-x86_64-mingw32/nios2-elf/lib/mno-hw-mul\libc.a(lib_a-__call_atexit.o)
                0x0000000000002b68                __call_exitprocs
 .text          0x0000000000002ce8       0x28 c:/intelfpga_lite/18.1/nios2eds/bin/gnu/h-x86_64-mingw32/bin/../lib/gcc/nios2-elf/5.3.0/mno-hw-mul\libgcc.a(lib2-mul.o)
                0x0000000000002ce8                __mulsi3
 .text          0x0000000000002d10       0x34 ../uart_bsp/\libhal_bsp.a(alt_exit.o)
                0x0000000000002d10                _exit
 *(.gnu.warning.*)
 *(.fini)
                [!provide]                        PROVIDE (__etext, ABSOLUTE (.))
                [!provide]                        PROVIDE (_etext, ABSOLUTE (.))
                [!provide]                        PROVIDE (etext, ABSOLUTE (.))
 *(.eh_frame_hdr)
                0x0000000000002d44                . = ALIGN (0x4)
                [!provide]                        PROVIDE (__preinit_array_start, ABSOLUTE (.))
 *(.preinit_array)
                [!provide]                        PROVIDE (__preinit_array_end, ABSOLUTE (.))
                [!provide]                        PROVIDE (__init_array_start, ABSOLUTE (.))
 *(.init_array)
                [!provide]                        PROVIDE (__init_array_end, ABSOLUTE (.))
                [!provide]                        PROVIDE (__fini_array_start, ABSOLUTE (.))
 *(.fini_array)
                [!provide]                        PROVIDE (__fini_array_end, ABSOLUTE (.))
 *(.eh_frame)
 *(.gcc_except_table .gcc_except_table.*)
 *(.dynamic)
                0x0000000000002d44                PROVIDE (__CTOR_LIST__, ABSOLUTE (.))
 *(.ctors)
 *(SORT(.ctors.*))
                0x0000000000002d44                PROVIDE (__CTOR_END__, ABSOLUTE (.))
                0x0000000000002d44                PROVIDE (__DTOR_LIST__, ABSOLUTE (.))
 *(.dtors)
 *(SORT(.dtors.*))
                0x0000000000002d44                PROVIDE (__DTOR_END__, ABSOLUTE (.))
 *(.jcr)
                0x0000000000002d44                . = ALIGN (0x4)

.rodata         0x0000000000002d44       0xec
                0x0000000000002d44                PROVIDE (__ram_rodata_start, ABSOLUTE (.))
                0x0000000000002d44                . = ALIGN (0x4)
 *(.rodata .rodata.* .gnu.linkonce.r.*)
 .rodata        0x0000000000002d44       0x37 obj/default/uart.o
 *fill*         0x0000000000002d7b        0x1 
 .rodata        0x0000000000002d7c        0xf ../uart_bsp/\libhal_bsp.a(alt_main.o)
 *fill*         0x0000000000002d8b        0x1 
 .rodata        0x0000000000002d8c       0x93 ../uart_bsp/\libhal_bsp.a(alt_sys_init.o)
 *fill*         0x0000000000002e1f        0x1 
 .rodata        0x0000000000002e20        0xa ../uart_bsp/\libhal_bsp.a(alt_dev.o)
 *fill*         0x0000000000002e2a        0x2 
 .rodata.str1.4
                0x0000000000002e2c        0x4 c:/intelfpga_lite/18.1/nios2eds/bin/gnu/h-x86_64-mingw32/bin/../lib/gcc/nios2-elf/5.3.0/../../../../../H-x86_64-mingw32/nios2-elf/lib/mno-hw-mul\libc.a(lib_a-impure.o)
                                          0x2 (size before relaxing)
 *(.rodata1)
                0x0000000000002e30                . = ALIGN (0x4)
                0x0000000000002e30                PROVIDE (__ram_rodata_end, ABSOLUTE (.))
                0x0000000000002d44                PROVIDE (__flash_rodata_start, LOADADDR (.rodata))

.rwdata         0x0000000000002e30     0x1754 load address 0x0000000000004584
                0x0000000000002e30                PROVIDE (__ram_rwdata_start, ABSOLUTE (.))
                0x0000000000002e30                . = ALIGN (0x4)
 *(.got.plt)
 *(.got)
 *(.data1)
 *(.data .data.* .gnu.linkonce.d.*)
 .data          0x0000000000002e30        0x0 ../uart_bsp//obj/HAL/src/crt0.o
 .data          0x0000000000002e30        0x0 obj/default/uart.o
 .data          0x0000000000002e30        0x0 ../uart_bsp/\libhal_bsp.a(alt_load.o)
 .data          0x0000000000002e30        0x0 ../uart_bsp/\libhal_bsp.a(alt_main.o)
 .data          0x0000000000002e30     0x115c ../uart_bsp/\libhal_bsp.a(alt_sys_init.o)
 .data          0x0000000000003f8c        0x0 ../uart_bsp/\libhal_bsp.a(altera_avalon_jtag_uart_fd.o)
 .data          0x0000000000003f8c        0x0 ../uart_bsp/\libhal_bsp.a(altera_avalon_jtag_uart_init.o)
 .data          0x0000000000003f8c        0x0 ../uart_bsp/\libhal_bsp.a(altera_avalon_jtag_uart_ioctl.o)
 .data          0x0000000000003f8c        0x0 ../uart_bsp/\libhal_bsp.a(altera_avalon_jtag_uart_read.o)
 .data          0x0000000000003f8c        0x0 ../uart_bsp/\libhal_bsp.a(altera_avalon_jtag_uart_write.o)
 .data          0x0000000000003f8c        0x0 ../uart_bsp/\libhal_bsp.a(altera_avalon_timer_sc.o)
 .data          0x0000000000003f8c        0x0 ../uart_bsp/\libhal_bsp.a(alt_alarm_start.o)
 .data          0x0000000000003f8c        0x0 ../uart_bsp/\libhal_bsp.a(alt_close.o)
 .data          0x0000000000003f8c        0x0 ../uart_bsp/\libhal_bsp.a(alt_dcache_flush_all.o)
 .data          0x0000000000003f8c      0x1a8 ../uart_bsp/\libhal_bsp.a(alt_dev.o)
                0x0000000000003f8c                alt_dev_null
                0x0000000000003fb4                alt_fd_list
 .data          0x0000000000004134        0x0 ../uart_bsp/\libhal_bsp.a(alt_dev_llist_insert.o)
 .data          0x0000000000004134        0x0 ../uart_bsp/\libhal_bsp.a(alt_do_ctors.o)
 .data          0x0000000000004134        0x0 ../uart_bsp/\libhal_bsp.a(alt_do_dtors.o)
 .data          0x0000000000004134        0x0 ../uart_bsp/\libhal_bsp.a(alt_errno.o)
 .data          0x0000000000004134        0x0 ../uart_bsp/\libhal_bsp.a(alt_icache_flush_all.o)
 .data          0x0000000000004134        0x0 ../uart_bsp/\libhal_bsp.a(alt_iic.o)
 .data          0x0000000000004134        0x0 ../uart_bsp/\libhal_bsp.a(alt_iic_isr_register.o)
 .data          0x0000000000004134        0x0 ../uart_bsp/\libhal_bsp.a(alt_io_redirect.o)
 .data          0x0000000000004134        0x0 ../uart_bsp/\libhal_bsp.a(alt_irq_entry.o)
 .data          0x0000000000004134        0x0 ../uart_bsp/\libhal_bsp.a(alt_irq_handler.o)
 .data          0x0000000000004134        0x0 ../uart_bsp/\libhal_bsp.a(alt_irq_vars.o)
 .data          0x0000000000004134        0x0 ../uart_bsp/\libhal_bsp.a(alt_open.o)
 .data          0x0000000000004134        0x0 ../uart_bsp/\libhal_bsp.a(alt_release_fd.o)
 .data          0x0000000000004134        0x0 ../uart_bsp/\libhal_bsp.a(alt_tick.o)
 .data          0x0000000000004134        0x0 ../uart_bsp/\libhal_bsp.a(altera_nios2_gen2_irq.o)
 .data          0x0000000000004134        0x0 ../uart_bsp/\libhal_bsp.a(alt_exception_entry.o)
 .data          0x0000000000004134        0x0 ../uart_bsp/\libhal_bsp.a(alt_find_dev.o)
 .data          0x0000000000004134        0x0 ../uart_bsp/\libhal_bsp.a(alt_find_file.o)
 .data          0x0000000000004134        0x0 ../uart_bsp/\libhal_bsp.a(alt_get_fd.o)
 .data          0x0000000000004134        0x0 ../uart_bsp/\libhal_bsp.a(alt_instruction_exception_entry.o)
 .data          0x0000000000004134        0x0 c:/intelfpga_lite/18.1/nios2eds/bin/gnu/h-x86_64-mingw32/bin/../lib/gcc/nios2-elf/5.3.0/../../../../../H-x86_64-mingw32/nios2-elf/lib/mno-hw-mul\libc.a(lib_a-atexit.o)
 .data          0x0000000000004134        0x0 c:/intelfpga_lite/18.1/nios2eds/bin/gnu/h-x86_64-mingw32/bin/../lib/gcc/nios2-elf/5.3.0/../../../../../H-x86_64-mingw32/nios2-elf/lib/mno-hw-mul\libc.a(lib_a-exit.o)
 .data          0x0000000000004134        0x0 c:/intelfpga_lite/18.1/nios2eds/bin/gnu/h-x86_64-mingw32/bin/../lib/gcc/nios2-elf/5.3.0/../../../../../H-x86_64-mingw32/nios2-elf/lib/mno-hw-mul\libc.a(lib_a-impure.o)
 .data.impure_data
                0x0000000000004134      0x424 c:/intelfpga_lite/18.1/nios2eds/bin/gnu/h-x86_64-mingw32/bin/../lib/gcc/nios2-elf/5.3.0/../../../../../H-x86_64-mingw32/nios2-elf/lib/mno-hw-mul\libc.a(lib_a-impure.o)
 .data          0x0000000000004558        0x0 c:/intelfpga_lite/18.1/nios2eds/bin/gnu/h-x86_64-mingw32/bin/../lib/gcc/nios2-elf/5.3.0/../../../../../H-x86_64-mingw32/nios2-elf/lib/mno-hw-mul\libc.a(lib_a-int_errno.o)
 .data          0x0000000000004558        0x0 c:/intelfpga_lite/18.1/nios2eds/bin/gnu/h-x86_64-mingw32/bin/../lib/gcc/nios2-elf/5.3.0/../../../../../H-x86_64-mingw32/nios2-elf/lib/mno-hw-mul\libc.a(lib_a-memcmp.o)
 .data          0x0000000000004558        0x0 c:/intelfpga_lite/18.1/nios2eds/bin/gnu/h-x86_64-mingw32/bin/../lib/gcc/nios2-elf/5.3.0/../../../../../H-x86_64-mingw32/nios2-elf/lib/mno-hw-mul\libc.a(lib_a-memcpy.o)
 .data          0x0000000000004558        0x0 c:/intelfpga_lite/18.1/nios2eds/bin/gnu/h-x86_64-mingw32/bin/../lib/gcc/nios2-elf/5.3.0/../../../../../H-x86_64-mingw32/nios2-elf/lib/mno-hw-mul\libc.a(lib_a-strlen.o)
 .data          0x0000000000004558        0x0 c:/intelfpga_lite/18.1/nios2eds/bin/gnu/h-x86_64-mingw32/bin/../lib/gcc/nios2-elf/5.3.0/../../../../../H-x86_64-mingw32/nios2-elf/lib/mno-hw-mul\libc.a(lib_a-__atexit.o)
 .data          0x0000000000004558        0x0 c:/intelfpga_lite/18.1/nios2eds/bin/gnu/h-x86_64-mingw32/bin/../lib/gcc/nios2-elf/5.3.0/../../../../../H-x86_64-mingw32/nios2-elf/lib/mno-hw-mul\libc.a(lib_a-__call_atexit.o)
 .data          0x0000000000004558        0x0 c:/intelfpga_lite/18.1/nios2eds/bin/gnu/h-x86_64-mingw32/bin/../lib/gcc/nios2-elf/5.3.0/mno-hw-mul\libgcc.a(lib2-mul.o)
 .data          0x0000000000004558        0x0 ../uart_bsp/\libhal_bsp.a(alt_exit.o)
                0x000000000000c558                _gp = ABSOLUTE ((. + 0x8000))
                [!provide]                        PROVIDE (gp, _gp)
 *(.rwdata .rwdata.*)
 *(.sdata .sdata.* .gnu.linkonce.s.*)
 .sdata         0x0000000000004558       0x14 ../uart_bsp/\libhal_bsp.a(alt_dev.o)
                0x0000000000004558                alt_fs_list
                0x0000000000004560                alt_dev_list
                0x0000000000004568                alt_max_fd
 .sdata         0x000000000000456c        0x4 ../uart_bsp/\libhal_bsp.a(alt_errno.o)
                0x000000000000456c                alt_errno
 .sdata         0x0000000000004570        0x4 ../uart_bsp/\libhal_bsp.a(alt_irq_vars.o)
                0x0000000000004570                alt_priority_mask
 .sdata         0x0000000000004574        0x8 ../uart_bsp/\libhal_bsp.a(alt_tick.o)
                0x0000000000004574                alt_alarm_list
 .sdata._global_impure_ptr
                0x000000000000457c        0x4 c:/intelfpga_lite/18.1/nios2eds/bin/gnu/h-x86_64-mingw32/bin/../lib/gcc/nios2-elf/5.3.0/../../../../../H-x86_64-mingw32/nios2-elf/lib/mno-hw-mul\libc.a(lib_a-impure.o)
                0x000000000000457c                _global_impure_ptr
 .sdata._impure_ptr
                0x0000000000004580        0x4 c:/intelfpga_lite/18.1/nios2eds/bin/gnu/h-x86_64-mingw32/bin/../lib/gcc/nios2-elf/5.3.0/../../../../../H-x86_64-mingw32/nios2-elf/lib/mno-hw-mul\libc.a(lib_a-impure.o)
                0x0000000000004580                _impure_ptr
 *(.sdata2 .sdata2.* .gnu.linkonce.s2.*)
                0x0000000000004584                . = ALIGN (0x4)
                0x0000000000004584                _edata = ABSOLUTE (.)
                [!provide]                        PROVIDE (edata, ABSOLUTE (.))
                0x0000000000004584                PROVIDE (__ram_rwdata_end, ABSOLUTE (.))
                0x0000000000004584                PROVIDE (__flash_rwdata_start, LOADADDR (.rwdata))

.bss            0x0000000000005cd8      0x120
                0x0000000000005cd8                __bss_start = ABSOLUTE (.)
                [!provide]                        PROVIDE (__sbss_start, ABSOLUTE (.))
                [!provide]                        PROVIDE (___sbss_start, ABSOLUTE (.))
 *(.dynsbss)
 *(.sbss .sbss.* .gnu.linkonce.sb.*)
 .sbss          0x0000000000005cd8        0xc ../uart_bsp/\libhal_bsp.a(alt_main.o)
                0x0000000000005cd8                alt_argc
                0x0000000000005cdc                alt_argv
                0x0000000000005ce0                alt_envp
 .sbss          0x0000000000005ce4        0x4 ../uart_bsp/\libhal_bsp.a(alt_irq_vars.o)
                0x0000000000005ce4                alt_irq_active
 .sbss          0x0000000000005ce8        0x8 ../uart_bsp/\libhal_bsp.a(alt_tick.o)
                0x0000000000005ce8                _alt_tick_rate
                0x0000000000005cec                _alt_nticks
 .sbss          0x0000000000005cf0        0x4 ../uart_bsp/\libhal_bsp.a(alt_instruction_exception_entry.o)
                0x0000000000005cf0                alt_instruction_exception_handler
 .sbss          0x0000000000005cf4        0x4 c:/intelfpga_lite/18.1/nios2eds/bin/gnu/h-x86_64-mingw32/bin/../lib/gcc/nios2-elf/5.3.0/../../../../../H-x86_64-mingw32/nios2-elf/lib/mno-hw-mul\libc.a(lib_a-int_errno.o)
                0x0000000000005cf4                errno
 *(.sbss2 .sbss2.* .gnu.linkonce.sb2.*)
 *(.scommon)
                [!provide]                        PROVIDE (__sbss_end, ABSOLUTE (.))
                [!provide]                        PROVIDE (___sbss_end, ABSOLUTE (.))
 *(.dynbss)
 *(.bss .bss.* .gnu.linkonce.b.*)
 .bss           0x0000000000005cf8        0x0 ../uart_bsp//obj/HAL/src/crt0.o
 .bss           0x0000000000005cf8        0x0 obj/default/uart.o
 .bss           0x0000000000005cf8        0x0 ../uart_bsp/\libhal_bsp.a(alt_load.o)
 .bss           0x0000000000005cf8        0x0 ../uart_bsp/\libhal_bsp.a(alt_main.o)
 .bss           0x0000000000005cf8        0x0 ../uart_bsp/\libhal_bsp.a(alt_sys_init.o)
 .bss           0x0000000000005cf8        0x0 ../uart_bsp/\libhal_bsp.a(altera_avalon_jtag_uart_fd.o)
 .bss           0x0000000000005cf8        0x0 ../uart_bsp/\libhal_bsp.a(altera_avalon_jtag_uart_init.o)
 .bss           0x0000000000005cf8        0x0 ../uart_bsp/\libhal_bsp.a(altera_avalon_jtag_uart_ioctl.o)
 .bss           0x0000000000005cf8        0x0 ../uart_bsp/\libhal_bsp.a(altera_avalon_jtag_uart_read.o)
 .bss           0x0000000000005cf8        0x0 ../uart_bsp/\libhal_bsp.a(altera_avalon_jtag_uart_write.o)
 .bss           0x0000000000005cf8        0x0 ../uart_bsp/\libhal_bsp.a(altera_avalon_timer_sc.o)
 .bss           0x0000000000005cf8        0x0 ../uart_bsp/\libhal_bsp.a(alt_alarm_start.o)
 .bss           0x0000000000005cf8        0x0 ../uart_bsp/\libhal_bsp.a(alt_close.o)
 .bss           0x0000000000005cf8        0x0 ../uart_bsp/\libhal_bsp.a(alt_dcache_flush_all.o)
 .bss           0x0000000000005cf8        0x0 ../uart_bsp/\libhal_bsp.a(alt_dev.o)
 .bss           0x0000000000005cf8        0x0 ../uart_bsp/\libhal_bsp.a(alt_dev_llist_insert.o)
 .bss           0x0000000000005cf8        0x0 ../uart_bsp/\libhal_bsp.a(alt_do_ctors.o)
 .bss           0x0000000000005cf8        0x0 ../uart_bsp/\libhal_bsp.a(alt_do_dtors.o)
 .bss           0x0000000000005cf8        0x0 ../uart_bsp/\libhal_bsp.a(alt_errno.o)
 .bss           0x0000000000005cf8        0x0 ../uart_bsp/\libhal_bsp.a(alt_icache_flush_all.o)
 .bss           0x0000000000005cf8        0x0 ../uart_bsp/\libhal_bsp.a(alt_iic.o)
 .bss           0x0000000000005cf8        0x0 ../uart_bsp/\libhal_bsp.a(alt_iic_isr_register.o)
 .bss           0x0000000000005cf8        0x0 ../uart_bsp/\libhal_bsp.a(alt_io_redirect.o)
 .bss           0x0000000000005cf8        0x0 ../uart_bsp/\libhal_bsp.a(alt_irq_entry.o)
 .bss           0x0000000000005cf8        0x0 ../uart_bsp/\libhal_bsp.a(alt_irq_handler.o)
 .bss           0x0000000000005cf8        0x0 ../uart_bsp/\libhal_bsp.a(alt_irq_vars.o)
 .bss           0x0000000000005cf8        0x0 ../uart_bsp/\libhal_bsp.a(alt_open.o)
 .bss           0x0000000000005cf8        0x0 ../uart_bsp/\libhal_bsp.a(alt_release_fd.o)
 .bss           0x0000000000005cf8        0x0 ../uart_bsp/\libhal_bsp.a(alt_tick.o)
 .bss           0x0000000000005cf8        0x0 ../uart_bsp/\libhal_bsp.a(altera_nios2_gen2_irq.o)
 .bss           0x0000000000005cf8        0x0 ../uart_bsp/\libhal_bsp.a(alt_exception_entry.o)
 .bss           0x0000000000005cf8        0x0 ../uart_bsp/\libhal_bsp.a(alt_find_dev.o)
 .bss           0x0000000000005cf8        0x0 ../uart_bsp/\libhal_bsp.a(alt_find_file.o)
 .bss           0x0000000000005cf8        0x0 ../uart_bsp/\libhal_bsp.a(alt_get_fd.o)
 .bss           0x0000000000005cf8        0x0 ../uart_bsp/\libhal_bsp.a(alt_instruction_exception_entry.o)
 .bss           0x0000000000005cf8        0x0 c:/intelfpga_lite/18.1/nios2eds/bin/gnu/h-x86_64-mingw32/bin/../lib/gcc/nios2-elf/5.3.0/../../../../../H-x86_64-mingw32/nios2-elf/lib/mno-hw-mul\libc.a(lib_a-atexit.o)
 .bss           0x0000000000005cf8        0x0 c:/intelfpga_lite/18.1/nios2eds/bin/gnu/h-x86_64-mingw32/bin/../lib/gcc/nios2-elf/5.3.0/../../../../../H-x86_64-mingw32/nios2-elf/lib/mno-hw-mul\libc.a(lib_a-exit.o)
 .bss           0x0000000000005cf8        0x0 c:/intelfpga_lite/18.1/nios2eds/bin/gnu/h-x86_64-mingw32/bin/../lib/gcc/nios2-elf/5.3.0/../../../../../H-x86_64-mingw32/nios2-elf/lib/mno-hw-mul\libc.a(lib_a-impure.o)
 .bss           0x0000000000005cf8        0x0 c:/intelfpga_lite/18.1/nios2eds/bin/gnu/h-x86_64-mingw32/bin/../lib/gcc/nios2-elf/5.3.0/../../../../../H-x86_64-mingw32/nios2-elf/lib/mno-hw-mul\libc.a(lib_a-int_errno.o)
 .bss           0x0000000000005cf8        0x0 c:/intelfpga_lite/18.1/nios2eds/bin/gnu/h-x86_64-mingw32/bin/../lib/gcc/nios2-elf/5.3.0/../../../../../H-x86_64-mingw32/nios2-elf/lib/mno-hw-mul\libc.a(lib_a-memcmp.o)
 .bss           0x0000000000005cf8        0x0 c:/intelfpga_lite/18.1/nios2eds/bin/gnu/h-x86_64-mingw32/bin/../lib/gcc/nios2-elf/5.3.0/../../../../../H-x86_64-mingw32/nios2-elf/lib/mno-hw-mul\libc.a(lib_a-memcpy.o)
 .bss           0x0000000000005cf8        0x0 c:/intelfpga_lite/18.1/nios2eds/bin/gnu/h-x86_64-mingw32/bin/../lib/gcc/nios2-elf/5.3.0/../../../../../H-x86_64-mingw32/nios2-elf/lib/mno-hw-mul\libc.a(lib_a-strlen.o)
 .bss           0x0000000000005cf8        0x0 c:/intelfpga_lite/18.1/nios2eds/bin/gnu/h-x86_64-mingw32/bin/../lib/gcc/nios2-elf/5.3.0/../../../../../H-x86_64-mingw32/nios2-elf/lib/mno-hw-mul\libc.a(lib_a-__atexit.o)
 .bss           0x0000000000005cf8        0x0 c:/intelfpga_lite/18.1/nios2eds/bin/gnu/h-x86_64-mingw32/bin/../lib/gcc/nios2-elf/5.3.0/../../../../../H-x86_64-mingw32/nios2-elf/lib/mno-hw-mul\libc.a(lib_a-__call_atexit.o)
 .bss           0x0000000000005cf8        0x0 c:/intelfpga_lite/18.1/nios2eds/bin/gnu/h-x86_64-mingw32/bin/../lib/gcc/nios2-elf/5.3.0/mno-hw-mul\libgcc.a(lib2-mul.o)
 .bss           0x0000000000005cf8        0x0 ../uart_bsp/\libhal_bsp.a(alt_exit.o)
 *(COMMON)
 COMMON         0x0000000000005cf8      0x100 ../uart_bsp/\libhal_bsp.a(alt_irq_handler.o)
                0x0000000000005cf8                alt_irq
                0x0000000000005df8                . = ALIGN (0x4)
                0x0000000000005df8                __bss_end = ABSOLUTE (.)

.SDRAM          0x0000000000005df8        0x0
                [!provide]                        PROVIDE (_alt_partition_SDRAM_start, ABSOLUTE (.))
 *(.SDRAM .SDRAM. SDRAM.*)
                0x0000000000005df8                . = ALIGN (0x4)
                [!provide]                        PROVIDE (_alt_partition_SDRAM_end, ABSOLUTE (.))
                0x0000000000005df8                _end = ABSOLUTE (.)
                0x0000000000005df8                end = ABSOLUTE (.)
                0x0000000000005df8                __alt_stack_base = ABSOLUTE (.)
                [!provide]                        PROVIDE (_alt_partition_SDRAM_load_addr, LOADADDR (.SDRAM))

.Onchip_SRAM    0x0000000008000000        0x0 load address 0x0000000000005df8
                [!provide]                        PROVIDE (_alt_partition_Onchip_SRAM_start, ABSOLUTE (.))
 *(.Onchip_SRAM .Onchip_SRAM. Onchip_SRAM.*)
                0x0000000008000000                . = ALIGN (0x4)
                [!provide]                        PROVIDE (_alt_partition_Onchip_SRAM_end, ABSOLUTE (.))
                [!provide]                        PROVIDE (_alt_partition_Onchip_SRAM_load_addr, LOADADDR (.Onchip_SRAM))

.VGA_Subsystem_Char_Buf_Subsystem_Onchip_SRAM
                0x0000000009000000        0x0 load address 0x0000000000005df8
                [!provide]                        PROVIDE (_alt_partition_VGA_Subsystem_Char_Buf_Subsystem_Onchip_SRAM_start, ABSOLUTE (.))
 *(.VGA_Subsystem_Char_Buf_Subsystem_Onchip_SRAM .VGA_Subsystem_Char_Buf_Subsystem_Onchip_SRAM. VGA_Subsystem_Char_Buf_Subsystem_Onchip_SRAM.*)
                0x0000000009000000                . = ALIGN (0x4)
                [!provide]                        PROVIDE (_alt_partition_VGA_Subsystem_Char_Buf_Subsystem_Onchip_SRAM_end, ABSOLUTE (.))
                [!provide]                        PROVIDE (_alt_partition_VGA_Subsystem_Char_Buf_Subsystem_Onchip_SRAM_load_addr, LOADADDR (.VGA_Subsystem_Char_Buf_Subsystem_Onchip_SRAM))

.stab
 *(.stab)

.stabstr
 *(.stabstr)

.stab.excl
 *(.stab.excl)

.stab.exclstr
 *(.stab.exclstr)

.stab.index
 *(.stab.index)

.stab.indexstr
 *(.stab.indexstr)

.comment        0x0000000000000000       0x23
 *(.comment)
 .comment       0x0000000000000000       0x23 obj/default/uart.o
                                         0x24 (size before relaxing)
 .comment       0x0000000000000023       0x24 ../uart_bsp/\libhal_bsp.a(alt_load.o)
 .comment       0x0000000000000023       0x24 ../uart_bsp/\libhal_bsp.a(alt_main.o)
 .comment       0x0000000000000023       0x24 ../uart_bsp/\libhal_bsp.a(alt_sys_init.o)
 .comment       0x0000000000000023       0x24 ../uart_bsp/\libhal_bsp.a(altera_avalon_jtag_uart_fd.o)
 .comment       0x0000000000000023       0x24 ../uart_bsp/\libhal_bsp.a(altera_avalon_jtag_uart_init.o)
 .comment       0x0000000000000023       0x24 ../uart_bsp/\libhal_bsp.a(altera_avalon_jtag_uart_ioctl.o)
 .comment       0x0000000000000023       0x24 ../uart_bsp/\libhal_bsp.a(altera_avalon_jtag_uart_read.o)
 .comment       0x0000000000000023       0x24 ../uart_bsp/\libhal_bsp.a(altera_avalon_jtag_uart_write.o)
 .comment       0x0000000000000023       0x24 ../uart_bsp/\libhal_bsp.a(altera_avalon_timer_sc.o)
 .comment       0x0000000000000023       0x24 ../uart_bsp/\libhal_bsp.a(alt_alarm_start.o)
 .comment       0x0000000000000023       0x24 ../uart_bsp/\libhal_bsp.a(alt_close.o)
 .comment       0x0000000000000023       0x24 ../uart_bsp/\libhal_bsp.a(alt_dcache_flush_all.o)
 .comment       0x0000000000000023       0x24 ../uart_bsp/\libhal_bsp.a(alt_dev.o)
 .comment       0x0000000000000023       0x24 ../uart_bsp/\libhal_bsp.a(alt_dev_llist_insert.o)
 .comment       0x0000000000000023       0x24 ../uart_bsp/\libhal_bsp.a(alt_do_ctors.o)
 .comment       0x0000000000000023       0x24 ../uart_bsp/\libhal_bsp.a(alt_do_dtors.o)
 .comment       0x0000000000000023       0x24 ../uart_bsp/\libhal_bsp.a(alt_errno.o)
 .comment       0x0000000000000023       0x24 ../uart_bsp/\libhal_bsp.a(alt_icache_flush_all.o)
 .comment       0x0000000000000023       0x24 ../uart_bsp/\libhal_bsp.a(alt_iic.o)
 .comment       0x0000000000000023       0x24 ../uart_bsp/\libhal_bsp.a(alt_iic_isr_register.o)
 .comment       0x0000000000000023       0x24 ../uart_bsp/\libhal_bsp.a(alt_io_redirect.o)
 .comment       0x0000000000000023       0x24 ../uart_bsp/\libhal_bsp.a(alt_irq_handler.o)
 .comment       0x0000000000000023       0x24 ../uart_bsp/\libhal_bsp.a(alt_irq_vars.o)
 .comment       0x0000000000000023       0x24 ../uart_bsp/\libhal_bsp.a(alt_open.o)
 .comment       0x0000000000000023       0x24 ../uart_bsp/\libhal_bsp.a(alt_release_fd.o)
 .comment       0x0000000000000023       0x24 ../uart_bsp/\libhal_bsp.a(alt_tick.o)
 .comment       0x0000000000000023       0x24 ../uart_bsp/\libhal_bsp.a(altera_nios2_gen2_irq.o)
 .comment       0x0000000000000023       0x24 ../uart_bsp/\libhal_bsp.a(alt_find_dev.o)
 .comment       0x0000000000000023       0x24 ../uart_bsp/\libhal_bsp.a(alt_find_file.o)
 .comment       0x0000000000000023       0x24 ../uart_bsp/\libhal_bsp.a(alt_get_fd.o)
 .comment       0x0000000000000023       0x24 ../uart_bsp/\libhal_bsp.a(alt_instruction_exception_entry.o)
 .comment       0x0000000000000023       0x24 c:/intelfpga_lite/18.1/nios2eds/bin/gnu/h-x86_64-mingw32/bin/../lib/gcc/nios2-elf/5.3.0/../../../../../H-x86_64-mingw32/nios2-elf/lib/mno-hw-mul\libc.a(lib_a-atexit.o)
 .comment       0x0000000000000023       0x24 c:/intelfpga_lite/18.1/nios2eds/bin/gnu/h-x86_64-mingw32/bin/../lib/gcc/nios2-elf/5.3.0/../../../../../H-x86_64-mingw32/nios2-elf/lib/mno-hw-mul\libc.a(lib_a-exit.o)
 .comment       0x0000000000000023       0x24 c:/intelfpga_lite/18.1/nios2eds/bin/gnu/h-x86_64-mingw32/bin/../lib/gcc/nios2-elf/5.3.0/../../../../../H-x86_64-mingw32/nios2-elf/lib/mno-hw-mul\libc.a(lib_a-impure.o)
 .comment       0x0000000000000023       0x24 c:/intelfpga_lite/18.1/nios2eds/bin/gnu/h-x86_64-mingw32/bin/../lib/gcc/nios2-elf/5.3.0/../../../../../H-x86_64-mingw32/nios2-elf/lib/mno-hw-mul\libc.a(lib_a-int_errno.o)
 .comment       0x0000000000000023       0x24 c:/intelfpga_lite/18.1/nios2eds/bin/gnu/h-x86_64-mingw32/bin/../lib/gcc/nios2-elf/5.3.0/../../../../../H-x86_64-mingw32/nios2-elf/lib/mno-hw-mul\libc.a(lib_a-memcmp.o)
 .comment       0x0000000000000023       0x24 c:/intelfpga_lite/18.1/nios2eds/bin/gnu/h-x86_64-mingw32/bin/../lib/gcc/nios2-elf/5.3.0/../../../../../H-x86_64-mingw32/nios2-elf/lib/mno-hw-mul\libc.a(lib_a-memcpy.o)
 .comment       0x0000000000000023       0x24 c:/intelfpga_lite/18.1/nios2eds/bin/gnu/h-x86_64-mingw32/bin/../lib/gcc/nios2-elf/5.3.0/../../../../../H-x86_64-mingw32/nios2-elf/lib/mno-hw-mul\libc.a(lib_a-strlen.o)
 .comment       0x0000000000000023       0x24 c:/intelfpga_lite/18.1/nios2eds/bin/gnu/h-x86_64-mingw32/bin/../lib/gcc/nios2-elf/5.3.0/../../../../../H-x86_64-mingw32/nios2-elf/lib/mno-hw-mul\libc.a(lib_a-__atexit.o)
 .comment       0x0000000000000023       0x24 c:/intelfpga_lite/18.1/nios2eds/bin/gnu/h-x86_64-mingw32/bin/../lib/gcc/nios2-elf/5.3.0/../../../../../H-x86_64-mingw32/nios2-elf/lib/mno-hw-mul\libc.a(lib_a-__call_atexit.o)
 .comment       0x0000000000000023       0x24 c:/intelfpga_lite/18.1/nios2eds/bin/gnu/h-x86_64-mingw32/bin/../lib/gcc/nios2-elf/5.3.0/mno-hw-mul\libgcc.a(lib2-mul.o)
 .comment       0x0000000000000023       0x24 ../uart_bsp/\libhal_bsp.a(alt_exit.o)

.debug
 *(.debug)

.line
 *(.line)

.debug_srcinfo
 *(.debug_srcinfo)

.debug_sfnames
 *(.debug_sfnames)

.debug_aranges  0x0000000000000000      0x5d8
 *(.debug_aranges)
 .debug_aranges
                0x0000000000000000       0x28 ../uart_bsp//obj/HAL/src/crt0.o
 .debug_aranges
                0x0000000000000028       0x20 obj/default/uart.o
 .debug_aranges
                0x0000000000000048       0x20 ../uart_bsp/\libhal_bsp.a(alt_load.o)
 .debug_aranges
                0x0000000000000068       0x20 ../uart_bsp/\libhal_bsp.a(alt_main.o)
 .debug_aranges
                0x0000000000000088       0x20 ../uart_bsp/\libhal_bsp.a(alt_sys_init.o)
 .debug_aranges
                0x00000000000000a8       0x20 ../uart_bsp/\libhal_bsp.a(altera_avalon_jtag_uart_fd.o)
 .debug_aranges
                0x00000000000000c8       0x20 ../uart_bsp/\libhal_bsp.a(altera_avalon_jtag_uart_init.o)
 .debug_aranges
                0x00000000000000e8       0x20 ../uart_bsp/\libhal_bsp.a(altera_avalon_jtag_uart_ioctl.o)
 .debug_aranges
                0x0000000000000108       0x20 ../uart_bsp/\libhal_bsp.a(altera_avalon_jtag_uart_read.o)
 .debug_aranges
                0x0000000000000128       0x20 ../uart_bsp/\libhal_bsp.a(altera_avalon_jtag_uart_write.o)
 .debug_aranges
                0x0000000000000148       0x20 ../uart_bsp/\libhal_bsp.a(altera_avalon_timer_sc.o)
 .debug_aranges
                0x0000000000000168       0x20 ../uart_bsp/\libhal_bsp.a(alt_alarm_start.o)
 .debug_aranges
                0x0000000000000188       0x20 ../uart_bsp/\libhal_bsp.a(alt_close.o)
 .debug_aranges
                0x00000000000001a8       0x20 ../uart_bsp/\libhal_bsp.a(alt_dcache_flush_all.o)
 .debug_aranges
                0x00000000000001c8       0x20 ../uart_bsp/\libhal_bsp.a(alt_dev.o)
 .debug_aranges
                0x00000000000001e8       0x20 ../uart_bsp/\libhal_bsp.a(alt_dev_llist_insert.o)
 .debug_aranges
                0x0000000000000208       0x20 ../uart_bsp/\libhal_bsp.a(alt_do_ctors.o)
 .debug_aranges
                0x0000000000000228       0x20 ../uart_bsp/\libhal_bsp.a(alt_do_dtors.o)
 .debug_aranges
                0x0000000000000248       0x18 ../uart_bsp/\libhal_bsp.a(alt_errno.o)
 .debug_aranges
                0x0000000000000260       0x20 ../uart_bsp/\libhal_bsp.a(alt_icache_flush_all.o)
 .debug_aranges
                0x0000000000000280       0x20 ../uart_bsp/\libhal_bsp.a(alt_iic.o)
 .debug_aranges
                0x00000000000002a0       0x20 ../uart_bsp/\libhal_bsp.a(alt_iic_isr_register.o)
 .debug_aranges
                0x00000000000002c0       0x20 ../uart_bsp/\libhal_bsp.a(alt_io_redirect.o)
 .debug_aranges
                0x00000000000002e0       0x30 ../uart_bsp/\libhal_bsp.a(alt_irq_entry.o)
 .debug_aranges
                0x0000000000000310       0x20 ../uart_bsp/\libhal_bsp.a(alt_irq_handler.o)
 .debug_aranges
                0x0000000000000330       0x18 ../uart_bsp/\libhal_bsp.a(alt_irq_vars.o)
 .debug_aranges
                0x0000000000000348       0x20 ../uart_bsp/\libhal_bsp.a(alt_open.o)
 .debug_aranges
                0x0000000000000368       0x20 ../uart_bsp/\libhal_bsp.a(alt_release_fd.o)
 .debug_aranges
                0x0000000000000388       0x20 ../uart_bsp/\libhal_bsp.a(alt_tick.o)
 .debug_aranges
                0x00000000000003a8       0x20 ../uart_bsp/\libhal_bsp.a(altera_nios2_gen2_irq.o)
 .debug_aranges
                0x00000000000003c8       0x38 ../uart_bsp/\libhal_bsp.a(alt_exception_entry.o)
 .debug_aranges
                0x0000000000000400       0x20 ../uart_bsp/\libhal_bsp.a(alt_find_dev.o)
 .debug_aranges
                0x0000000000000420       0x20 ../uart_bsp/\libhal_bsp.a(alt_find_file.o)
 .debug_aranges
                0x0000000000000440       0x20 ../uart_bsp/\libhal_bsp.a(alt_get_fd.o)
 .debug_aranges
                0x0000000000000460       0x28 ../uart_bsp/\libhal_bsp.a(alt_instruction_exception_entry.o)
 .debug_aranges
                0x0000000000000488       0x20 c:/intelfpga_lite/18.1/nios2eds/bin/gnu/h-x86_64-mingw32/bin/../lib/gcc/nios2-elf/5.3.0/../../../../../H-x86_64-mingw32/nios2-elf/lib/mno-hw-mul\libc.a(lib_a-atexit.o)
 .debug_aranges
                0x00000000000004a8       0x20 c:/intelfpga_lite/18.1/nios2eds/bin/gnu/h-x86_64-mingw32/bin/../lib/gcc/nios2-elf/5.3.0/../../../../../H-x86_64-mingw32/nios2-elf/lib/mno-hw-mul\libc.a(lib_a-exit.o)
 .debug_aranges
                0x00000000000004c8       0x18 c:/intelfpga_lite/18.1/nios2eds/bin/gnu/h-x86_64-mingw32/bin/../lib/gcc/nios2-elf/5.3.0/../../../../../H-x86_64-mingw32/nios2-elf/lib/mno-hw-mul\libc.a(lib_a-impure.o)
 .debug_aranges
                0x00000000000004e0       0x18 c:/intelfpga_lite/18.1/nios2eds/bin/gnu/h-x86_64-mingw32/bin/../lib/gcc/nios2-elf/5.3.0/../../../../../H-x86_64-mingw32/nios2-elf/lib/mno-hw-mul\libc.a(lib_a-int_errno.o)
 .debug_aranges
                0x00000000000004f8       0x20 c:/intelfpga_lite/18.1/nios2eds/bin/gnu/h-x86_64-mingw32/bin/../lib/gcc/nios2-elf/5.3.0/../../../../../H-x86_64-mingw32/nios2-elf/lib/mno-hw-mul\libc.a(lib_a-memcmp.o)
 .debug_aranges
                0x0000000000000518       0x20 c:/intelfpga_lite/18.1/nios2eds/bin/gnu/h-x86_64-mingw32/bin/../lib/gcc/nios2-elf/5.3.0/../../../../../H-x86_64-mingw32/nios2-elf/lib/mno-hw-mul\libc.a(lib_a-memcpy.o)
 .debug_aranges
                0x0000000000000538       0x20 c:/intelfpga_lite/18.1/nios2eds/bin/gnu/h-x86_64-mingw32/bin/../lib/gcc/nios2-elf/5.3.0/../../../../../H-x86_64-mingw32/nios2-elf/lib/mno-hw-mul\libc.a(lib_a-strlen.o)
 .debug_aranges
                0x0000000000000558       0x20 c:/intelfpga_lite/18.1/nios2eds/bin/gnu/h-x86_64-mingw32/bin/../lib/gcc/nios2-elf/5.3.0/../../../../../H-x86_64-mingw32/nios2-elf/lib/mno-hw-mul\libc.a(lib_a-__atexit.o)
 .debug_aranges
                0x0000000000000578       0x20 c:/intelfpga_lite/18.1/nios2eds/bin/gnu/h-x86_64-mingw32/bin/../lib/gcc/nios2-elf/5.3.0/../../../../../H-x86_64-mingw32/nios2-elf/lib/mno-hw-mul\libc.a(lib_a-__call_atexit.o)
 .debug_aranges
                0x0000000000000598       0x20 c:/intelfpga_lite/18.1/nios2eds/bin/gnu/h-x86_64-mingw32/bin/../lib/gcc/nios2-elf/5.3.0/mno-hw-mul\libgcc.a(lib2-mul.o)
 .debug_aranges
                0x00000000000005b8       0x20 ../uart_bsp/\libhal_bsp.a(alt_exit.o)

.debug_pubnames
 *(.debug_pubnames)

.debug_info     0x0000000000000000     0x7a55
 *(.debug_info .gnu.linkonce.wi.*)
 .debug_info    0x0000000000000000       0x9c ../uart_bsp//obj/HAL/src/crt0.o
 .debug_info    0x000000000000009c      0x16e obj/default/uart.o
 .debug_info    0x000000000000020a      0x145 ../uart_bsp/\libhal_bsp.a(alt_load.o)
 .debug_info    0x000000000000034f      0x131 ../uart_bsp/\libhal_bsp.a(alt_main.o)
 .debug_info    0x0000000000000480      0x6b5 ../uart_bsp/\libhal_bsp.a(alt_sys_init.o)
 .debug_info    0x0000000000000b35      0x52e ../uart_bsp/\libhal_bsp.a(altera_avalon_jtag_uart_fd.o)
 .debug_info    0x0000000000001063      0x3a0 ../uart_bsp/\libhal_bsp.a(altera_avalon_jtag_uart_init.o)
 .debug_info    0x0000000000001403      0x280 ../uart_bsp/\libhal_bsp.a(altera_avalon_jtag_uart_ioctl.o)
 .debug_info    0x0000000000001683      0x345 ../uart_bsp/\libhal_bsp.a(altera_avalon_jtag_uart_read.o)
 .debug_info    0x00000000000019c8      0x340 ../uart_bsp/\libhal_bsp.a(altera_avalon_jtag_uart_write.o)
 .debug_info    0x0000000000001d08      0x226 ../uart_bsp/\libhal_bsp.a(altera_avalon_timer_sc.o)
 .debug_info    0x0000000000001f2e      0x2cc ../uart_bsp/\libhal_bsp.a(alt_alarm_start.o)
 .debug_info    0x00000000000021fa      0x321 ../uart_bsp/\libhal_bsp.a(alt_close.o)
 .debug_info    0x000000000000251b       0x92 ../uart_bsp/\libhal_bsp.a(alt_dcache_flush_all.o)
 .debug_info    0x00000000000025ad      0x49c ../uart_bsp/\libhal_bsp.a(alt_dev.o)
 .debug_info    0x0000000000002a49      0x1a9 ../uart_bsp/\libhal_bsp.a(alt_dev_llist_insert.o)
 .debug_info    0x0000000000002bf2       0x83 ../uart_bsp/\libhal_bsp.a(alt_do_ctors.o)
 .debug_info    0x0000000000002c75       0x83 ../uart_bsp/\libhal_bsp.a(alt_do_dtors.o)
 .debug_info    0x0000000000002cf8       0xa6 ../uart_bsp/\libhal_bsp.a(alt_errno.o)
 .debug_info    0x0000000000002d9e       0x92 ../uart_bsp/\libhal_bsp.a(alt_icache_flush_all.o)
 .debug_info    0x0000000000002e30      0x350 ../uart_bsp/\libhal_bsp.a(alt_iic.o)
 .debug_info    0x0000000000003180      0x1ef ../uart_bsp/\libhal_bsp.a(alt_iic_isr_register.o)
 .debug_info    0x000000000000336f      0x4a5 ../uart_bsp/\libhal_bsp.a(alt_io_redirect.o)
 .debug_info    0x0000000000003814       0xa5 ../uart_bsp/\libhal_bsp.a(alt_irq_entry.o)
 .debug_info    0x00000000000038b9      0x187 ../uart_bsp/\libhal_bsp.a(alt_irq_handler.o)
 .debug_info    0x0000000000003a40       0x88 ../uart_bsp/\libhal_bsp.a(alt_irq_vars.o)
 .debug_info    0x0000000000003ac8      0x3bb ../uart_bsp/\libhal_bsp.a(alt_open.o)
 .debug_info    0x0000000000003e83      0x2b0 ../uart_bsp/\libhal_bsp.a(alt_release_fd.o)
 .debug_info    0x0000000000004133      0x299 ../uart_bsp/\libhal_bsp.a(alt_tick.o)
 .debug_info    0x00000000000043cc       0x92 ../uart_bsp/\libhal_bsp.a(altera_nios2_gen2_irq.o)
 .debug_info    0x000000000000445e       0xab ../uart_bsp/\libhal_bsp.a(alt_exception_entry.o)
 .debug_info    0x0000000000004509      0x2e9 ../uart_bsp/\libhal_bsp.a(alt_find_dev.o)
 .debug_info    0x00000000000047f2      0x2e6 ../uart_bsp/\libhal_bsp.a(alt_find_file.o)
 .debug_info    0x0000000000004ad8      0x310 ../uart_bsp/\libhal_bsp.a(alt_get_fd.o)
 .debug_info    0x0000000000004de8      0x1e7 ../uart_bsp/\libhal_bsp.a(alt_instruction_exception_entry.o)
 .debug_info    0x0000000000004fcf       0xfe c:/intelfpga_lite/18.1/nios2eds/bin/gnu/h-x86_64-mingw32/bin/../lib/gcc/nios2-elf/5.3.0/../../../../../H-x86_64-mingw32/nios2-elf/lib/mno-hw-mul\libc.a(lib_a-atexit.o)
 .debug_info    0x00000000000050cd      0x8e4 c:/intelfpga_lite/18.1/nios2eds/bin/gnu/h-x86_64-mingw32/bin/../lib/gcc/nios2-elf/5.3.0/../../../../../H-x86_64-mingw32/nios2-elf/lib/mno-hw-mul\libc.a(lib_a-exit.o)
 .debug_info    0x00000000000059b1      0x8a1 c:/intelfpga_lite/18.1/nios2eds/bin/gnu/h-x86_64-mingw32/bin/../lib/gcc/nios2-elf/5.3.0/../../../../../H-x86_64-mingw32/nios2-elf/lib/mno-hw-mul\libc.a(lib_a-impure.o)
 .debug_info    0x0000000000006252       0x8a c:/intelfpga_lite/18.1/nios2eds/bin/gnu/h-x86_64-mingw32/bin/../lib/gcc/nios2-elf/5.3.0/../../../../../H-x86_64-mingw32/nios2-elf/lib/mno-hw-mul\libc.a(lib_a-int_errno.o)
 .debug_info    0x00000000000062dc      0x11a c:/intelfpga_lite/18.1/nios2eds/bin/gnu/h-x86_64-mingw32/bin/../lib/gcc/nios2-elf/5.3.0/../../../../../H-x86_64-mingw32/nios2-elf/lib/mno-hw-mul\libc.a(lib_a-memcmp.o)
 .debug_info    0x00000000000063f6      0x144 c:/intelfpga_lite/18.1/nios2eds/bin/gnu/h-x86_64-mingw32/bin/../lib/gcc/nios2-elf/5.3.0/../../../../../H-x86_64-mingw32/nios2-elf/lib/mno-hw-mul\libc.a(lib_a-memcpy.o)
 .debug_info    0x000000000000653a       0xe2 c:/intelfpga_lite/18.1/nios2eds/bin/gnu/h-x86_64-mingw32/bin/../lib/gcc/nios2-elf/5.3.0/../../../../../H-x86_64-mingw32/nios2-elf/lib/mno-hw-mul\libc.a(lib_a-strlen.o)
 .debug_info    0x000000000000661c      0x934 c:/intelfpga_lite/18.1/nios2eds/bin/gnu/h-x86_64-mingw32/bin/../lib/gcc/nios2-elf/5.3.0/../../../../../H-x86_64-mingw32/nios2-elf/lib/mno-hw-mul\libc.a(lib_a-__atexit.o)
 .debug_info    0x0000000000006f50      0x965 c:/intelfpga_lite/18.1/nios2eds/bin/gnu/h-x86_64-mingw32/bin/../lib/gcc/nios2-elf/5.3.0/../../../../../H-x86_64-mingw32/nios2-elf/lib/mno-hw-mul\libc.a(lib_a-__call_atexit.o)
 .debug_info    0x00000000000078b5       0xb4 c:/intelfpga_lite/18.1/nios2eds/bin/gnu/h-x86_64-mingw32/bin/../lib/gcc/nios2-elf/5.3.0/mno-hw-mul\libgcc.a(lib2-mul.o)
 .debug_info    0x0000000000007969       0xec ../uart_bsp/\libhal_bsp.a(alt_exit.o)

.debug_abbrev   0x0000000000000000     0x2ad7
 *(.debug_abbrev)
 .debug_abbrev  0x0000000000000000       0x12 ../uart_bsp//obj/HAL/src/crt0.o
 .debug_abbrev  0x0000000000000012       0xd2 obj/default/uart.o
 .debug_abbrev  0x00000000000000e4       0x9f ../uart_bsp/\libhal_bsp.a(alt_load.o)
 .debug_abbrev  0x0000000000000183       0xba ../uart_bsp/\libhal_bsp.a(alt_main.o)
 .debug_abbrev  0x000000000000023d      0x183 ../uart_bsp/\libhal_bsp.a(alt_sys_init.o)
 .debug_abbrev  0x00000000000003c0      0x127 ../uart_bsp/\libhal_bsp.a(altera_avalon_jtag_uart_fd.o)
 .debug_abbrev  0x00000000000004e7      0x19e ../uart_bsp/\libhal_bsp.a(altera_avalon_jtag_uart_init.o)
 .debug_abbrev  0x0000000000000685      0x111 ../uart_bsp/\libhal_bsp.a(altera_avalon_jtag_uart_ioctl.o)
 .debug_abbrev  0x0000000000000796      0x1aa ../uart_bsp/\libhal_bsp.a(altera_avalon_jtag_uart_read.o)
 .debug_abbrev  0x0000000000000940      0x1a8 ../uart_bsp/\libhal_bsp.a(altera_avalon_jtag_uart_write.o)
 .debug_abbrev  0x0000000000000ae8      0x155 ../uart_bsp/\libhal_bsp.a(altera_avalon_timer_sc.o)
 .debug_abbrev  0x0000000000000c3d      0x162 ../uart_bsp/\libhal_bsp.a(alt_alarm_start.o)
 .debug_abbrev  0x0000000000000d9f      0x11f ../uart_bsp/\libhal_bsp.a(alt_close.o)
 .debug_abbrev  0x0000000000000ebe       0x42 ../uart_bsp/\libhal_bsp.a(alt_dcache_flush_all.o)
 .debug_abbrev  0x0000000000000f00       0xd9 ../uart_bsp/\libhal_bsp.a(alt_dev.o)
 .debug_abbrev  0x0000000000000fd9      0x114 ../uart_bsp/\libhal_bsp.a(alt_dev_llist_insert.o)
 .debug_abbrev  0x00000000000010ed       0x79 ../uart_bsp/\libhal_bsp.a(alt_do_ctors.o)
 .debug_abbrev  0x0000000000001166       0x79 ../uart_bsp/\libhal_bsp.a(alt_do_dtors.o)
 .debug_abbrev  0x00000000000011df       0x5a ../uart_bsp/\libhal_bsp.a(alt_errno.o)
 .debug_abbrev  0x0000000000001239       0x42 ../uart_bsp/\libhal_bsp.a(alt_icache_flush_all.o)
 .debug_abbrev  0x000000000000127b      0x163 ../uart_bsp/\libhal_bsp.a(alt_iic.o)
 .debug_abbrev  0x00000000000013de      0x169 ../uart_bsp/\libhal_bsp.a(alt_iic_isr_register.o)
 .debug_abbrev  0x0000000000001547      0x114 ../uart_bsp/\libhal_bsp.a(alt_io_redirect.o)
 .debug_abbrev  0x000000000000165b       0x12 ../uart_bsp/\libhal_bsp.a(alt_irq_entry.o)
 .debug_abbrev  0x000000000000166d      0x122 ../uart_bsp/\libhal_bsp.a(alt_irq_handler.o)
 .debug_abbrev  0x000000000000178f       0x40 ../uart_bsp/\libhal_bsp.a(alt_irq_vars.o)
 .debug_abbrev  0x00000000000017cf      0x148 ../uart_bsp/\libhal_bsp.a(alt_open.o)
 .debug_abbrev  0x0000000000001917       0xde ../uart_bsp/\libhal_bsp.a(alt_release_fd.o)
 .debug_abbrev  0x00000000000019f5      0x15a ../uart_bsp/\libhal_bsp.a(alt_tick.o)
 .debug_abbrev  0x0000000000001b4f       0x42 ../uart_bsp/\libhal_bsp.a(altera_nios2_gen2_irq.o)
 .debug_abbrev  0x0000000000001b91       0x12 ../uart_bsp/\libhal_bsp.a(alt_exception_entry.o)
 .debug_abbrev  0x0000000000001ba3       0xf0 ../uart_bsp/\libhal_bsp.a(alt_find_dev.o)
 .debug_abbrev  0x0000000000001c93       0xf0 ../uart_bsp/\libhal_bsp.a(alt_find_file.o)
 .debug_abbrev  0x0000000000001d83      0x10d ../uart_bsp/\libhal_bsp.a(alt_get_fd.o)
 .debug_abbrev  0x0000000000001e90       0xdc ../uart_bsp/\libhal_bsp.a(alt_instruction_exception_entry.o)
 .debug_abbrev  0x0000000000001f6c       0xaa c:/intelfpga_lite/18.1/nios2eds/bin/gnu/h-x86_64-mingw32/bin/../lib/gcc/nios2-elf/5.3.0/../../../../../H-x86_64-mingw32/nios2-elf/lib/mno-hw-mul\libc.a(lib_a-atexit.o)
 .debug_abbrev  0x0000000000002016      0x1e5 c:/intelfpga_lite/18.1/nios2eds/bin/gnu/h-x86_64-mingw32/bin/../lib/gcc/nios2-elf/5.3.0/../../../../../H-x86_64-mingw32/nios2-elf/lib/mno-hw-mul\libc.a(lib_a-exit.o)
 .debug_abbrev  0x00000000000021fb      0x18f c:/intelfpga_lite/18.1/nios2eds/bin/gnu/h-x86_64-mingw32/bin/../lib/gcc/nios2-elf/5.3.0/../../../../../H-x86_64-mingw32/nios2-elf/lib/mno-hw-mul\libc.a(lib_a-impure.o)
 .debug_abbrev  0x000000000000238a       0x37 c:/intelfpga_lite/18.1/nios2eds/bin/gnu/h-x86_64-mingw32/bin/../lib/gcc/nios2-elf/5.3.0/../../../../../H-x86_64-mingw32/nios2-elf/lib/mno-hw-mul\libc.a(lib_a-int_errno.o)
 .debug_abbrev  0x00000000000023c1       0x7f c:/intelfpga_lite/18.1/nios2eds/bin/gnu/h-x86_64-mingw32/bin/../lib/gcc/nios2-elf/5.3.0/../../../../../H-x86_64-mingw32/nios2-elf/lib/mno-hw-mul\libc.a(lib_a-memcmp.o)
 .debug_abbrev  0x0000000000002440       0xa3 c:/intelfpga_lite/18.1/nios2eds/bin/gnu/h-x86_64-mingw32/bin/../lib/gcc/nios2-elf/5.3.0/../../../../../H-x86_64-mingw32/nios2-elf/lib/mno-hw-mul\libc.a(lib_a-memcpy.o)
 .debug_abbrev  0x00000000000024e3       0x90 c:/intelfpga_lite/18.1/nios2eds/bin/gnu/h-x86_64-mingw32/bin/../lib/gcc/nios2-elf/5.3.0/../../../../../H-x86_64-mingw32/nios2-elf/lib/mno-hw-mul\libc.a(lib_a-strlen.o)
 .debug_abbrev  0x0000000000002573      0x21e c:/intelfpga_lite/18.1/nios2eds/bin/gnu/h-x86_64-mingw32/bin/../lib/gcc/nios2-elf/5.3.0/../../../../../H-x86_64-mingw32/nios2-elf/lib/mno-hw-mul\libc.a(lib_a-__atexit.o)
 .debug_abbrev  0x0000000000002791      0x22e c:/intelfpga_lite/18.1/nios2eds/bin/gnu/h-x86_64-mingw32/bin/../lib/gcc/nios2-elf/5.3.0/../../../../../H-x86_64-mingw32/nios2-elf/lib/mno-hw-mul\libc.a(lib_a-__call_atexit.o)
 .debug_abbrev  0x00000000000029bf       0x6f c:/intelfpga_lite/18.1/nios2eds/bin/gnu/h-x86_64-mingw32/bin/../lib/gcc/nios2-elf/5.3.0/mno-hw-mul\libgcc.a(lib2-mul.o)
 .debug_abbrev  0x0000000000002a2e       0xa9 ../uart_bsp/\libhal_bsp.a(alt_exit.o)

.debug_line     0x0000000000000000     0x2c63
 *(.debug_line)
 .debug_line    0x0000000000000000       0x66 ../uart_bsp//obj/HAL/src/crt0.o
 .debug_line    0x0000000000000066      0x152 obj/default/uart.o
 .debug_line    0x00000000000001b8       0x8e ../uart_bsp/\libhal_bsp.a(alt_load.o)
 .debug_line    0x0000000000000246       0xa4 ../uart_bsp/\libhal_bsp.a(alt_main.o)
 .debug_line    0x00000000000002ea      0x237 ../uart_bsp/\libhal_bsp.a(alt_sys_init.o)
 .debug_line    0x0000000000000521      0x12f ../uart_bsp/\libhal_bsp.a(altera_avalon_jtag_uart_fd.o)
 .debug_line    0x0000000000000650      0x18b ../uart_bsp/\libhal_bsp.a(altera_avalon_jtag_uart_init.o)
 .debug_line    0x00000000000007db      0x131 ../uart_bsp/\libhal_bsp.a(altera_avalon_jtag_uart_ioctl.o)
 .debug_line    0x000000000000090c      0x171 ../uart_bsp/\libhal_bsp.a(altera_avalon_jtag_uart_read.o)
 .debug_line    0x0000000000000a7d      0x170 ../uart_bsp/\libhal_bsp.a(altera_avalon_jtag_uart_write.o)
 .debug_line    0x0000000000000bed       0xfd ../uart_bsp/\libhal_bsp.a(altera_avalon_timer_sc.o)
 .debug_line    0x0000000000000cea       0xf9 ../uart_bsp/\libhal_bsp.a(alt_alarm_start.o)
 .debug_line    0x0000000000000de3      0x165 ../uart_bsp/\libhal_bsp.a(alt_close.o)
 .debug_line    0x0000000000000f48       0x51 ../uart_bsp/\libhal_bsp.a(alt_dcache_flush_all.o)
 .debug_line    0x0000000000000f99       0xf8 ../uart_bsp/\libhal_bsp.a(alt_dev.o)
 .debug_line    0x0000000000001091       0xcf ../uart_bsp/\libhal_bsp.a(alt_dev_llist_insert.o)
 .debug_line    0x0000000000001160       0x59 ../uart_bsp/\libhal_bsp.a(alt_do_ctors.o)
 .debug_line    0x00000000000011b9       0x59 ../uart_bsp/\libhal_bsp.a(alt_do_dtors.o)
 .debug_line    0x0000000000001212       0x51 ../uart_bsp/\libhal_bsp.a(alt_errno.o)
 .debug_line    0x0000000000001263       0x4f ../uart_bsp/\libhal_bsp.a(alt_icache_flush_all.o)
 .debug_line    0x00000000000012b2       0xeb ../uart_bsp/\libhal_bsp.a(alt_iic.o)
 .debug_line    0x000000000000139d       0xdb ../uart_bsp/\libhal_bsp.a(alt_iic_isr_register.o)
 .debug_line    0x0000000000001478      0x135 ../uart_bsp/\libhal_bsp.a(alt_io_redirect.o)
 .debug_line    0x00000000000015ad       0x6b ../uart_bsp/\libhal_bsp.a(alt_irq_entry.o)
 .debug_line    0x0000000000001618       0xaa ../uart_bsp/\libhal_bsp.a(alt_irq_handler.o)
 .debug_line    0x00000000000016c2       0x50 ../uart_bsp/\libhal_bsp.a(alt_irq_vars.o)
 .debug_line    0x0000000000001712      0x12b ../uart_bsp/\libhal_bsp.a(alt_open.o)
 .debug_line    0x000000000000183d       0xb0 ../uart_bsp/\libhal_bsp.a(alt_release_fd.o)
 .debug_line    0x00000000000018ed       0xff ../uart_bsp/\libhal_bsp.a(alt_tick.o)
 .debug_line    0x00000000000019ec       0x51 ../uart_bsp/\libhal_bsp.a(altera_nios2_gen2_irq.o)
 .debug_line    0x0000000000001a3d       0xb3 ../uart_bsp/\libhal_bsp.a(alt_exception_entry.o)
 .debug_line    0x0000000000001af0       0xb5 ../uart_bsp/\libhal_bsp.a(alt_find_dev.o)
 .debug_line    0x0000000000001ba5       0xd1 ../uart_bsp/\libhal_bsp.a(alt_find_file.o)
 .debug_line    0x0000000000001c76       0xd7 ../uart_bsp/\libhal_bsp.a(alt_get_fd.o)
 .debug_line    0x0000000000001d4d       0xb9 ../uart_bsp/\libhal_bsp.a(alt_instruction_exception_entry.o)
 .debug_line    0x0000000000001e06       0xe7 c:/intelfpga_lite/18.1/nios2eds/bin/gnu/h-x86_64-mingw32/bin/../lib/gcc/nios2-elf/5.3.0/../../../../../H-x86_64-mingw32/nios2-elf/lib/mno-hw-mul\libc.a(lib_a-atexit.o)
 .debug_line    0x0000000000001eed      0x1fc c:/intelfpga_lite/18.1/nios2eds/bin/gnu/h-x86_64-mingw32/bin/../lib/gcc/nios2-elf/5.3.0/../../../../../H-x86_64-mingw32/nios2-elf/lib/mno-hw-mul\libc.a(lib_a-exit.o)
 .debug_line    0x00000000000020e9      0x160 c:/intelfpga_lite/18.1/nios2eds/bin/gnu/h-x86_64-mingw32/bin/../lib/gcc/nios2-elf/5.3.0/../../../../../H-x86_64-mingw32/nios2-elf/lib/mno-hw-mul\libc.a(lib_a-impure.o)
 .debug_line    0x0000000000002249       0x5f c:/intelfpga_lite/18.1/nios2eds/bin/gnu/h-x86_64-mingw32/bin/../lib/gcc/nios2-elf/5.3.0/../../../../../H-x86_64-mingw32/nios2-elf/lib/mno-hw-mul\libc.a(lib_a-int_errno.o)
 .debug_line    0x00000000000022a8      0x176 c:/intelfpga_lite/18.1/nios2eds/bin/gnu/h-x86_64-mingw32/bin/../lib/gcc/nios2-elf/5.3.0/../../../../../H-x86_64-mingw32/nios2-elf/lib/mno-hw-mul\libc.a(lib_a-memcmp.o)
 .debug_line    0x000000000000241e      0x18c c:/intelfpga_lite/18.1/nios2eds/bin/gnu/h-x86_64-mingw32/bin/../lib/gcc/nios2-elf/5.3.0/../../../../../H-x86_64-mingw32/nios2-elf/lib/mno-hw-mul\libc.a(lib_a-memcpy.o)
 .debug_line    0x00000000000025aa      0x16f c:/intelfpga_lite/18.1/nios2eds/bin/gnu/h-x86_64-mingw32/bin/../lib/gcc/nios2-elf/5.3.0/../../../../../H-x86_64-mingw32/nios2-elf/lib/mno-hw-mul\libc.a(lib_a-strlen.o)
 .debug_line    0x0000000000002719      0x21f c:/intelfpga_lite/18.1/nios2eds/bin/gnu/h-x86_64-mingw32/bin/../lib/gcc/nios2-elf/5.3.0/../../../../../H-x86_64-mingw32/nios2-elf/lib/mno-hw-mul\libc.a(lib_a-__atexit.o)
 .debug_line    0x0000000000002938      0x23a c:/intelfpga_lite/18.1/nios2eds/bin/gnu/h-x86_64-mingw32/bin/../lib/gcc/nios2-elf/5.3.0/../../../../../H-x86_64-mingw32/nios2-elf/lib/mno-hw-mul\libc.a(lib_a-__call_atexit.o)
 .debug_line    0x0000000000002b72       0x80 c:/intelfpga_lite/18.1/nios2eds/bin/gnu/h-x86_64-mingw32/bin/../lib/gcc/nios2-elf/5.3.0/mno-hw-mul\libgcc.a(lib2-mul.o)
 .debug_line    0x0000000000002bf2       0x71 ../uart_bsp/\libhal_bsp.a(alt_exit.o)

.debug_frame    0x0000000000000000      0xba0
 *(.debug_frame)
 .debug_frame   0x0000000000000000       0xc8 obj/default/uart.o
 .debug_frame   0x00000000000000c8       0x5c ../uart_bsp/\libhal_bsp.a(alt_load.o)
 .debug_frame   0x0000000000000124       0x2c ../uart_bsp/\libhal_bsp.a(alt_main.o)
 .debug_frame   0x0000000000000150       0x88 ../uart_bsp/\libhal_bsp.a(alt_sys_init.o)
 .debug_frame   0x00000000000001d8       0xb0 ../uart_bsp/\libhal_bsp.a(altera_avalon_jtag_uart_fd.o)
 .debug_frame   0x0000000000000288       0xa4 ../uart_bsp/\libhal_bsp.a(altera_avalon_jtag_uart_init.o)
 .debug_frame   0x000000000000032c       0x34 ../uart_bsp/\libhal_bsp.a(altera_avalon_jtag_uart_ioctl.o)
 .debug_frame   0x0000000000000360       0x38 ../uart_bsp/\libhal_bsp.a(altera_avalon_jtag_uart_read.o)
 .debug_frame   0x0000000000000398       0x38 ../uart_bsp/\libhal_bsp.a(altera_avalon_jtag_uart_write.o)
 .debug_frame   0x00000000000003d0       0x60 ../uart_bsp/\libhal_bsp.a(altera_avalon_timer_sc.o)
 .debug_frame   0x0000000000000430       0x34 ../uart_bsp/\libhal_bsp.a(alt_alarm_start.o)
 .debug_frame   0x0000000000000464       0x60 ../uart_bsp/\libhal_bsp.a(alt_close.o)
 .debug_frame   0x00000000000004c4       0x34 ../uart_bsp/\libhal_bsp.a(alt_dcache_flush_all.o)
 .debug_frame   0x00000000000004f8       0x34 ../uart_bsp/\libhal_bsp.a(alt_dev.o)
 .debug_frame   0x000000000000052c       0x60 ../uart_bsp/\libhal_bsp.a(alt_dev_llist_insert.o)
 .debug_frame   0x000000000000058c       0x38 ../uart_bsp/\libhal_bsp.a(alt_do_ctors.o)
 .debug_frame   0x00000000000005c4       0x38 ../uart_bsp/\libhal_bsp.a(alt_do_dtors.o)
 .debug_frame   0x00000000000005fc       0x34 ../uart_bsp/\libhal_bsp.a(alt_icache_flush_all.o)
 .debug_frame   0x0000000000000630       0xa4 ../uart_bsp/\libhal_bsp.a(alt_iic.o)
 .debug_frame   0x00000000000006d4       0x38 ../uart_bsp/\libhal_bsp.a(alt_iic_isr_register.o)
 .debug_frame   0x000000000000070c       0x64 ../uart_bsp/\libhal_bsp.a(alt_io_redirect.o)
 .debug_frame   0x0000000000000770       0x38 ../uart_bsp/\libhal_bsp.a(alt_irq_handler.o)
 .debug_frame   0x00000000000007a8       0x8c ../uart_bsp/\libhal_bsp.a(alt_open.o)
 .debug_frame   0x0000000000000834       0x3c ../uart_bsp/\libhal_bsp.a(alt_release_fd.o)
 .debug_frame   0x0000000000000870       0x5c ../uart_bsp/\libhal_bsp.a(alt_tick.o)
 .debug_frame   0x00000000000008cc       0x34 ../uart_bsp/\libhal_bsp.a(altera_nios2_gen2_irq.o)
 .debug_frame   0x0000000000000900       0x38 ../uart_bsp/\libhal_bsp.a(alt_find_dev.o)
 .debug_frame   0x0000000000000938       0x38 ../uart_bsp/\libhal_bsp.a(alt_find_file.o)
 .debug_frame   0x0000000000000970       0x3c ../uart_bsp/\libhal_bsp.a(alt_get_fd.o)
 .debug_frame   0x00000000000009ac       0x5c ../uart_bsp/\libhal_bsp.a(alt_instruction_exception_entry.o)
 .debug_frame   0x0000000000000a08       0x20 c:/intelfpga_lite/18.1/nios2eds/bin/gnu/h-x86_64-mingw32/bin/../lib/gcc/nios2-elf/5.3.0/../../../../../H-x86_64-mingw32/nios2-elf/lib/mno-hw-mul\libc.a(lib_a-atexit.o)
 .debug_frame   0x0000000000000a28       0x28 c:/intelfpga_lite/18.1/nios2eds/bin/gnu/h-x86_64-mingw32/bin/../lib/gcc/nios2-elf/5.3.0/../../../../../H-x86_64-mingw32/nios2-elf/lib/mno-hw-mul\libc.a(lib_a-exit.o)
 .debug_frame   0x0000000000000a50       0x20 c:/intelfpga_lite/18.1/nios2eds/bin/gnu/h-x86_64-mingw32/bin/../lib/gcc/nios2-elf/5.3.0/../../../../../H-x86_64-mingw32/nios2-elf/lib/mno-hw-mul\libc.a(lib_a-memcmp.o)
 .debug_frame   0x0000000000000a70       0x38 c:/intelfpga_lite/18.1/nios2eds/bin/gnu/h-x86_64-mingw32/bin/../lib/gcc/nios2-elf/5.3.0/../../../../../H-x86_64-mingw32/nios2-elf/lib/mno-hw-mul\libc.a(lib_a-memcpy.o)
 .debug_frame   0x0000000000000aa8       0x20 c:/intelfpga_lite/18.1/nios2eds/bin/gnu/h-x86_64-mingw32/bin/../lib/gcc/nios2-elf/5.3.0/../../../../../H-x86_64-mingw32/nios2-elf/lib/mno-hw-mul\libc.a(lib_a-strlen.o)
 .debug_frame   0x0000000000000ac8       0x38 c:/intelfpga_lite/18.1/nios2eds/bin/gnu/h-x86_64-mingw32/bin/../lib/gcc/nios2-elf/5.3.0/../../../../../H-x86_64-mingw32/nios2-elf/lib/mno-hw-mul\libc.a(lib_a-__atexit.o)
 .debug_frame   0x0000000000000b00       0x54 c:/intelfpga_lite/18.1/nios2eds/bin/gnu/h-x86_64-mingw32/bin/../lib/gcc/nios2-elf/5.3.0/../../../../../H-x86_64-mingw32/nios2-elf/lib/mno-hw-mul\libc.a(lib_a-__call_atexit.o)
 .debug_frame   0x0000000000000b54       0x20 c:/intelfpga_lite/18.1/nios2eds/bin/gnu/h-x86_64-mingw32/bin/../lib/gcc/nios2-elf/5.3.0/mno-hw-mul\libgcc.a(lib2-mul.o)
 .debug_frame   0x0000000000000b74       0x2c ../uart_bsp/\libhal_bsp.a(alt_exit.o)

.debug_str      0x0000000000000000     0x1e62
 *(.debug_str)
 .debug_str     0x0000000000000000      0x184 obj/default/uart.o
                                        0x1d3 (size before relaxing)
 .debug_str     0x0000000000000184      0x159 ../uart_bsp/\libhal_bsp.a(alt_load.o)
                                        0x256 (size before relaxing)
 .debug_str     0x00000000000002dd       0x70 ../uart_bsp/\libhal_bsp.a(alt_main.o)
                                        0x1e1 (size before relaxing)
 .debug_str     0x000000000000034d      0x395 ../uart_bsp/\libhal_bsp.a(alt_sys_init.o)
                                        0x5ab (size before relaxing)
 .debug_str     0x00000000000006e2       0xb9 ../uart_bsp/\libhal_bsp.a(altera_avalon_jtag_uart_fd.o)
                                        0x3e8 (size before relaxing)
 .debug_str     0x000000000000079b       0xd1 ../uart_bsp/\libhal_bsp.a(altera_avalon_jtag_uart_init.o)
                                        0x37c (size before relaxing)
 .debug_str     0x000000000000086c       0x4a ../uart_bsp/\libhal_bsp.a(altera_avalon_jtag_uart_ioctl.o)
                                        0x2d7 (size before relaxing)
 .debug_str     0x00000000000008b6       0x7f ../uart_bsp/\libhal_bsp.a(altera_avalon_jtag_uart_read.o)
                                        0x32c (size before relaxing)
 .debug_str     0x0000000000000935       0x4a ../uart_bsp/\libhal_bsp.a(altera_avalon_jtag_uart_write.o)
                                        0x32d (size before relaxing)
 .debug_str     0x000000000000097f       0x6d ../uart_bsp/\libhal_bsp.a(altera_avalon_timer_sc.o)
                                        0x28f (size before relaxing)
 .debug_str     0x00000000000009ec       0x59 ../uart_bsp/\libhal_bsp.a(alt_alarm_start.o)
                                        0x2c2 (size before relaxing)
 .debug_str     0x0000000000000a45       0x44 ../uart_bsp/\libhal_bsp.a(alt_close.o)
                                        0x24f (size before relaxing)
 .debug_str     0x0000000000000a89       0x34 ../uart_bsp/\libhal_bsp.a(alt_dcache_flush_all.o)
                                        0x199 (size before relaxing)
 .debug_str     0x0000000000000abd      0x120 ../uart_bsp/\libhal_bsp.a(alt_dev.o)
                                        0x349 (size before relaxing)
 .debug_str     0x0000000000000bdd       0x34 ../uart_bsp/\libhal_bsp.a(alt_dev_llist_insert.o)
                                        0x210 (size before relaxing)
 .debug_str     0x0000000000000c11       0x48 ../uart_bsp/\libhal_bsp.a(alt_do_ctors.o)
                                        0x114 (size before relaxing)
 .debug_str     0x0000000000000c59       0x4c ../uart_bsp/\libhal_bsp.a(alt_do_dtors.o)
                                        0x113 (size before relaxing)
 .debug_str     0x0000000000000ca5       0x14 ../uart_bsp/\libhal_bsp.a(alt_errno.o)
                                        0x189 (size before relaxing)
 .debug_str     0x0000000000000cb9       0x34 ../uart_bsp/\libhal_bsp.a(alt_icache_flush_all.o)
                                        0x199 (size before relaxing)
 .debug_str     0x0000000000000ced       0xbd ../uart_bsp/\libhal_bsp.a(alt_iic.o)
                                        0x282 (size before relaxing)
 .debug_str     0x0000000000000daa       0x4c ../uart_bsp/\libhal_bsp.a(alt_iic_isr_register.o)
                                        0x22c (size before relaxing)
 .debug_str     0x0000000000000df6       0x56 ../uart_bsp/\libhal_bsp.a(alt_io_redirect.o)
                                        0x35a (size before relaxing)
 .debug_str     0x0000000000000e4c       0x3a ../uart_bsp/\libhal_bsp.a(alt_irq_handler.o)
                                        0x1db (size before relaxing)
 .debug_str     0x0000000000000e86       0x17 ../uart_bsp/\libhal_bsp.a(alt_irq_vars.o)
                                        0x17e (size before relaxing)
 .debug_str     0x0000000000000e9d       0x2f ../uart_bsp/\libhal_bsp.a(alt_open.o)
                                        0x28f (size before relaxing)
 .debug_str     0x0000000000000ecc       0x28 ../uart_bsp/\libhal_bsp.a(alt_release_fd.o)
                                        0x217 (size before relaxing)
 .debug_str     0x0000000000000ef4       0x4a ../uart_bsp/\libhal_bsp.a(alt_tick.o)
                                        0x296 (size before relaxing)
 .debug_str     0x0000000000000f3e       0x3b ../uart_bsp/\libhal_bsp.a(altera_nios2_gen2_irq.o)
                                        0x1a0 (size before relaxing)
 .debug_str     0x0000000000000f79       0x24 ../uart_bsp/\libhal_bsp.a(alt_find_dev.o)
                                        0x230 (size before relaxing)
 .debug_str     0x0000000000000f9d       0x26 ../uart_bsp/\libhal_bsp.a(alt_find_file.o)
                                        0x23e (size before relaxing)
 .debug_str     0x0000000000000fc3       0x30 ../uart_bsp/\libhal_bsp.a(alt_get_fd.o)
                                        0x260 (size before relaxing)
 .debug_str     0x0000000000000ff3      0x48b ../uart_bsp/\libhal_bsp.a(alt_instruction_exception_entry.o)
                                        0x5e4 (size before relaxing)
 .debug_str     0x000000000000147e      0x17c c:/intelfpga_lite/18.1/nios2eds/bin/gnu/h-x86_64-mingw32/bin/../lib/gcc/nios2-elf/5.3.0/../../../../../H-x86_64-mingw32/nios2-elf/lib/mno-hw-mul\libc.a(lib_a-atexit.o)
                                        0x221 (size before relaxing)
 .debug_str     0x00000000000015fa      0x3a7 c:/intelfpga_lite/18.1/nios2eds/bin/gnu/h-x86_64-mingw32/bin/../lib/gcc/nios2-elf/5.3.0/../../../../../H-x86_64-mingw32/nios2-elf/lib/mno-hw-mul\libc.a(lib_a-exit.o)
                                        0x5be (size before relaxing)
 .debug_str     0x00000000000019a1       0xd6 c:/intelfpga_lite/18.1/nios2eds/bin/gnu/h-x86_64-mingw32/bin/../lib/gcc/nios2-elf/5.3.0/../../../../../H-x86_64-mingw32/nios2-elf/lib/mno-hw-mul\libc.a(lib_a-impure.o)
                                        0x5b5 (size before relaxing)
 .debug_str     0x0000000000001a77       0x3f c:/intelfpga_lite/18.1/nios2eds/bin/gnu/h-x86_64-mingw32/bin/../lib/gcc/nios2-elf/5.3.0/../../../../../H-x86_64-mingw32/nios2-elf/lib/mno-hw-mul\libc.a(lib_a-int_errno.o)
                                        0x1dd (size before relaxing)
 .debug_str     0x0000000000001ab6       0xda c:/intelfpga_lite/18.1/nios2eds/bin/gnu/h-x86_64-mingw32/bin/../lib/gcc/nios2-elf/5.3.0/../../../../../H-x86_64-mingw32/nios2-elf/lib/mno-hw-mul\libc.a(lib_a-memcmp.o)
                                        0x1e4 (size before relaxing)
 .debug_str     0x0000000000001b90       0x6b c:/intelfpga_lite/18.1/nios2eds/bin/gnu/h-x86_64-mingw32/bin/../lib/gcc/nios2-elf/5.3.0/../../../../../H-x86_64-mingw32/nios2-elf/lib/mno-hw-mul\libc.a(lib_a-memcpy.o)
                                        0x20b (size before relaxing)
 .debug_str     0x0000000000001bfb       0x51 c:/intelfpga_lite/18.1/nios2eds/bin/gnu/h-x86_64-mingw32/bin/../lib/gcc/nios2-elf/5.3.0/../../../../../H-x86_64-mingw32/nios2-elf/lib/mno-hw-mul\libc.a(lib_a-strlen.o)
                                        0x1f7 (size before relaxing)
 .debug_str     0x0000000000001c4c       0x3f c:/intelfpga_lite/18.1/nios2eds/bin/gnu/h-x86_64-mingw32/bin/../lib/gcc/nios2-elf/5.3.0/../../../../../H-x86_64-mingw32/nios2-elf/lib/mno-hw-mul\libc.a(lib_a-__atexit.o)
                                        0x5f6 (size before relaxing)
 .debug_str     0x0000000000001c8b       0x65 c:/intelfpga_lite/18.1/nios2eds/bin/gnu/h-x86_64-mingw32/bin/../lib/gcc/nios2-elf/5.3.0/../../../../../H-x86_64-mingw32/nios2-elf/lib/mno-hw-mul\libc.a(lib_a-__call_atexit.o)
                                        0x5e2 (size before relaxing)
 .debug_str     0x0000000000001cf0      0x148 c:/intelfpga_lite/18.1/nios2eds/bin/gnu/h-x86_64-mingw32/bin/../lib/gcc/nios2-elf/5.3.0/mno-hw-mul\libgcc.a(lib2-mul.o)
                                        0x193 (size before relaxing)
 .debug_str     0x0000000000001e38       0x2a ../uart_bsp/\libhal_bsp.a(alt_exit.o)
                                        0x195 (size before relaxing)

.debug_loc      0x0000000000000000      0x803
 *(.debug_loc)
 .debug_loc     0x0000000000000000       0x2c c:/intelfpga_lite/18.1/nios2eds/bin/gnu/h-x86_64-mingw32/bin/../lib/gcc/nios2-elf/5.3.0/../../../../../H-x86_64-mingw32/nios2-elf/lib/mno-hw-mul\libc.a(lib_a-atexit.o)
 .debug_loc     0x000000000000002c       0x1e c:/intelfpga_lite/18.1/nios2eds/bin/gnu/h-x86_64-mingw32/bin/../lib/gcc/nios2-elf/5.3.0/../../../../../H-x86_64-mingw32/nios2-elf/lib/mno-hw-mul\libc.a(lib_a-exit.o)
 .debug_loc     0x000000000000004a      0x126 c:/intelfpga_lite/18.1/nios2eds/bin/gnu/h-x86_64-mingw32/bin/../lib/gcc/nios2-elf/5.3.0/../../../../../H-x86_64-mingw32/nios2-elf/lib/mno-hw-mul\libc.a(lib_a-memcmp.o)
 .debug_loc     0x0000000000000170      0x266 c:/intelfpga_lite/18.1/nios2eds/bin/gnu/h-x86_64-mingw32/bin/../lib/gcc/nios2-elf/5.3.0/../../../../../H-x86_64-mingw32/nios2-elf/lib/mno-hw-mul\libc.a(lib_a-memcpy.o)
 .debug_loc     0x00000000000003d6       0x47 c:/intelfpga_lite/18.1/nios2eds/bin/gnu/h-x86_64-mingw32/bin/../lib/gcc/nios2-elf/5.3.0/../../../../../H-x86_64-mingw32/nios2-elf/lib/mno-hw-mul\libc.a(lib_a-strlen.o)
 .debug_loc     0x000000000000041d      0x185 c:/intelfpga_lite/18.1/nios2eds/bin/gnu/h-x86_64-mingw32/bin/../lib/gcc/nios2-elf/5.3.0/../../../../../H-x86_64-mingw32/nios2-elf/lib/mno-hw-mul\libc.a(lib_a-__atexit.o)
 .debug_loc     0x00000000000005a2      0x1ce c:/intelfpga_lite/18.1/nios2eds/bin/gnu/h-x86_64-mingw32/bin/../lib/gcc/nios2-elf/5.3.0/../../../../../H-x86_64-mingw32/nios2-elf/lib/mno-hw-mul\libc.a(lib_a-__call_atexit.o)
 .debug_loc     0x0000000000000770       0x93 c:/intelfpga_lite/18.1/nios2eds/bin/gnu/h-x86_64-mingw32/bin/../lib/gcc/nios2-elf/5.3.0/mno-hw-mul\libgcc.a(lib2-mul.o)

.debug_macinfo
 *(.debug_macinfo)

.debug_weaknames
 *(.debug_weaknames)

.debug_funcnames
 *(.debug_funcnames)

.debug_typenames
 *(.debug_typenames)

.debug_varnames
 *(.debug_varnames)

.debug_alt_sim_info
                0x0000000000000000       0x10
 *(.debug_alt_sim_info)
 .debug_alt_sim_info
                0x0000000000000000       0x10 ../uart_bsp//obj/HAL/src/crt0.o
                0x0000000004000000                __alt_data_end = 0x4000000
                0x0000000004000000                PROVIDE (__alt_stack_pointer, __alt_data_end)
                [!provide]                        PROVIDE (__alt_stack_limit, __alt_stack_base)
                [!provide]                        PROVIDE (__alt_heap_start, end)
                [!provide]                        PROVIDE (__alt_heap_limit, 0x4000000)
OUTPUT(uart.elf elf32-littlenios2)

.debug_ranges   0x0000000000000000      0x178
 .debug_ranges  0x0000000000000000       0x20 ../uart_bsp//obj/HAL/src/crt0.o
 .debug_ranges  0x0000000000000020       0x30 ../uart_bsp/\libhal_bsp.a(altera_avalon_jtag_uart_init.o)
 .debug_ranges  0x0000000000000050       0x18 ../uart_bsp/\libhal_bsp.a(altera_avalon_jtag_uart_read.o)
 .debug_ranges  0x0000000000000068       0x28 ../uart_bsp/\libhal_bsp.a(alt_irq_entry.o)
 .debug_ranges  0x0000000000000090       0x10 ../uart_bsp/\libhal_bsp.a(alt_irq_handler.o)
 .debug_ranges  0x00000000000000a0       0x30 ../uart_bsp/\libhal_bsp.a(alt_exception_entry.o)
 .debug_ranges  0x00000000000000d0       0x18 ../uart_bsp/\libhal_bsp.a(alt_instruction_exception_entry.o)
 .debug_ranges  0x00000000000000e8       0x10 c:/intelfpga_lite/18.1/nios2eds/bin/gnu/h-x86_64-mingw32/bin/../lib/gcc/nios2-elf/5.3.0/../../../../../H-x86_64-mingw32/nios2-elf/lib/mno-hw-mul\libc.a(lib_a-atexit.o)
 .debug_ranges  0x00000000000000f8       0x10 c:/intelfpga_lite/18.1/nios2eds/bin/gnu/h-x86_64-mingw32/bin/../lib/gcc/nios2-elf/5.3.0/../../../../../H-x86_64-mingw32/nios2-elf/lib/mno-hw-mul\libc.a(lib_a-exit.o)
 .debug_ranges  0x0000000000000108       0x10 c:/intelfpga_lite/18.1/nios2eds/bin/gnu/h-x86_64-mingw32/bin/../lib/gcc/nios2-elf/5.3.0/../../../../../H-x86_64-mingw32/nios2-elf/lib/mno-hw-mul\libc.a(lib_a-memcmp.o)
 .debug_ranges  0x0000000000000118       0x10 c:/intelfpga_lite/18.1/nios2eds/bin/gnu/h-x86_64-mingw32/bin/../lib/gcc/nios2-elf/5.3.0/../../../../../H-x86_64-mingw32/nios2-elf/lib/mno-hw-mul\libc.a(lib_a-memcpy.o)
 .debug_ranges  0x0000000000000128       0x10 c:/intelfpga_lite/18.1/nios2eds/bin/gnu/h-x86_64-mingw32/bin/../lib/gcc/nios2-elf/5.3.0/../../../../../H-x86_64-mingw32/nios2-elf/lib/mno-hw-mul\libc.a(lib_a-strlen.o)
 .debug_ranges  0x0000000000000138       0x10 c:/intelfpga_lite/18.1/nios2eds/bin/gnu/h-x86_64-mingw32/bin/../lib/gcc/nios2-elf/5.3.0/../../../../../H-x86_64-mingw32/nios2-elf/lib/mno-hw-mul\libc.a(lib_a-__atexit.o)
 .debug_ranges  0x0000000000000148       0x30 c:/intelfpga_lite/18.1/nios2eds/bin/gnu/h-x86_64-mingw32/bin/../lib/gcc/nios2-elf/5.3.0/../../../../../H-x86_64-mingw32/nios2-elf/lib/mno-hw-mul\libc.a(lib_a-__call_atexit.o)
